2026-09-27T11:44:02Z ternary_storage_search_v2: spec specs/numeric/ternary_storage_search_v2.t27 sha256 88fcf517296ecc77, log research/block/ternary_storage_search_v2.log
2026-09-27T11:44:02Z versions {'python': '3.12.12', 'torch': '2.11.0', 'transformers': '4.57.6', 'numpy': '2.4.4'}; torch threads 6
2026-09-27T11:44:02Z generator --check: same   research/block/ternary_storage_v2_params.py
2026-09-27T11:44:02Z pins: block_tnf.py, the first attempt's log, model, test and dev text match the spec
2026-09-27T11:44:02Z tables: E2M1, TNF4_7, E2M2 equal block_tnf's; T27_N recomputed, equal
2026-09-27T11:44:02Z unit checks: NVFP4 and MX+ hand cases and grid properties pass
2026-09-27T11:44:05Z loaded in 3.2 s; target modules 210 (0 with tail columns); windows test 148, dev 130
2026-09-27T11:44:41Z ARM ruler test BASE    ppl 14.4869  k None  35.3 s
2026-09-27T11:44:41Z ruler BASE: 14.4869 against the first attempt's 14.4869 on this Mac, |diff| 0.0000 within 0.001
2026-09-27T11:45:13Z ARM ruler test E2M1    ppl 21.9353  k [-5, 4, 0]  32.5 s
2026-09-27T11:45:13Z ruler E2M1: 21.9353 against the first attempt's 21.9353 on this Mac, |diff| 0.0000 within 0.001
2026-09-27T11:45:45Z ARM ruler test TNF4_7  ppl 36.7612  k [-5, 4, 0]  31.7 s
2026-09-27T11:45:45Z ruler TNF4_7: 36.7612 against the first attempt's 36.7612 on this Mac, |diff| 0.0000 within 0.001
2026-09-27T11:46:16Z ARM dev   dev  E2M1    ppl 22.6285  k [-5, 4, 0]  30.8 s
2026-09-27T11:46:45Z ARM dev   dev  NVFP4   ppl 18.0213  k None  29.8 s
2026-09-27T11:47:16Z ARM dev   dev  MXPLUS  ppl 18.3802  k None  31.0 s
2026-09-27T11:47:48Z ARM dev   dev  E2M2    ppl 16.2063  k [-5, 4, 0]  31.8 s
2026-09-27T11:48:19Z ARM dev   dev  T27_U   ppl 17.7804  k [-5, 4, 0]  30.3 s
2026-09-27T11:48:50Z ARM dev   dev  T27_F   ppl 17.4274  k [-5, 4, 0]  31.4 s
2026-09-27T11:49:21Z ARM dev   dev  T27_N   ppl 16.6880  k [-5, 4, 0]  31.1 s
2026-09-27T11:49:21Z dev choice: T27_STAR = T27_N (16.6880); dev MXFP4 22.6285, NVFP4 18.0213, MXPLUS 18.3802, E2M2 16.2063
2026-09-27T11:49:52Z ARM test  test T27_N   ppl 16.2892  k [-5, 4, 0]  31.3 s
2026-09-27T11:50:41Z ARM test  test NVFP4   ppl 17.4697  k None  48.6 s
2026-09-27T11:51:39Z ARM test  test MXPLUS  ppl 17.9780  k None  58.3 s
2026-09-27T11:52:11Z ARM test  test E2M2    ppl 15.8083  k [-5, 4, 0]  31.5 s
2026-09-27T11:52:11Z LADDER vs NVFP4  test 16.2892 / 17.4697 = 932.4 permille -> T27 better   (dev 926.0 -> T27 better; per 32 weights 101 trits against 106)
2026-09-27T11:52:11Z LADDER vs MXPLUS test 16.2892 / 17.9780 = 906.1 permille -> T27 better   (dev 907.9 -> T27 better; per 32 weights 101 trits against 106)
2026-09-27T11:52:11Z LADDER vs MXFP4  test 16.2892 / 21.9353 = 742.6 permille -> T27 better   (dev 737.5 -> T27 better; per 32 weights 101 trits against 102)
2026-09-27T11:52:11Z PRIMARY (NVFP4): T27 better
2026-09-27T11:52:11Z PRED_NVFP4_BEATS_MXFP4: held
2026-09-27T11:52:11Z PRED_E2M2_AT_LEAST_T27: held
2026-09-27T11:52:11Z PRED_SCALE_FITS: held
2026-09-27T11:52:11Z GUESS_T27_VS_NVFP4: held
2026-09-27T11:52:11Z T27 scale exponents seen -5..4 (5 trits hold |k| <= 121)
