# 128-token c (float-order) reference
model ~/igla-coder-gpu/c_infer/model.bin: 6 layers, d 320, ff 864, vocab 8192
token 0: id 1  (0.0 s)
token 1: id 3  (0.0 s)
token 2: id 204  (0.0 s)
token 3: id 276  (0.0 s)
token 4: id 405  (0.0 s)
token 5: id 659  (0.0 s)
token 6: id 85  (0.0 s)
token 7: id 1516  (0.0 s)
token 8: id 278  (0.0 s)
token 9: id 320  (0.0 s)
token 10: id 306  (0.0 s)
token 11: id 317  (0.0 s)
token 12: id 445  (0.0 s)
token 13: id 779  (0.0 s)
token 14: id 317  (0.0 s)
token 15: id 85  (0.0 s)
token 16: id 1516  (0.0 s)
token 17: id 740  (0.0 s)
token 18: id 306  (0.0 s)
token 19: id 317  (0.0 s)
token 20: id 705  (0.0 s)
token 21: id 779  (0.0 s)
token 22: id 317  (0.0 s)
token 23: id 85  (0.0 s)
token 24: id 1516  (0.0 s)
token 25: id 740  (0.0 s)
token 26: id 306  (0.0 s)
token 27: id 317  (0.0 s)
token 28: id 705  (0.0 s)
token 29: id 779  (0.0 s)
token 30: id 317  (0.0 s)
token 31: id 85  (0.0 s)
token 32: id 1516  (0.0 s)
token 33: id 740  (0.0 s)
token 34: id 306  (0.0 s)
token 35: id 317  (0.0 s)
token 36: id 705  (0.0 s)
token 37: id 779  (0.0 s)
token 38: id 317  (0.0 s)
token 39: id 85  (0.0 s)
token 40: id 1516  (0.0 s)
token 41: id 740  (0.0 s)
token 42: id 306  (0.0 s)
token 43: id 317  (0.0 s)
token 44: id 705  (0.0 s)
token 45: id 779  (0.0 s)
token 46: id 317  (0.0 s)
token 47: id 85  (0.0 s)
token 48: id 1516  (0.0 s)
token 49: id 740  (0.0 s)
token 50: id 306  (0.0 s)
token 51: id 317  (0.0 s)
token 52: id 705  (0.0 s)
token 53: id 779  (0.0 s)
token 54: id 317  (0.0 s)
token 55: id 85  (0.0 s)
token 56: id 1516  (0.0 s)
token 57: id 740  (0.0 s)
token 58: id 306  (0.0 s)
token 59: id 317  (0.0 s)
token 60: id 705  (0.0 s)
token 61: id 779  (0.0 s)
token 62: id 317  (0.0 s)
token 63: id 85  (0.0 s)
token 64: id 1516  (0.0 s)
token 65: id 740  (0.1 s)
token 66: id 306  (0.1 s)
token 67: id 317  (0.1 s)
token 68: id 705  (0.0 s)
token 69: id 779  (0.1 s)
token 70: id 317  (0.1 s)
token 71: id 85  (0.1 s)
token 72: id 1516  (0.1 s)
token 73: id 740  (0.1 s)
token 74: id 306  (0.1 s)
token 75: id 317  (0.0 s)
token 76: id 705  (0.0 s)
token 77: id 779  (0.0 s)
token 78: id 317  (0.0 s)
token 79: id 85  (0.0 s)
token 80: id 1516  (0.0 s)
token 81: id 740  (0.0 s)
token 82: id 306  (0.0 s)
token 83: id 317  (0.0 s)
token 84: id 705  (0.0 s)
token 85: id 779  (0.0 s)
token 86: id 317  (0.0 s)
token 87: id 85  (0.0 s)
token 88: id 1516  (0.0 s)
token 89: id 740  (0.0 s)
token 90: id 306  (0.0 s)
token 91: id 317  (0.0 s)
token 92: id 705  (0.0 s)
token 93: id 779  (0.0 s)
token 94: id 317  (0.0 s)
token 95: id 85  (0.0 s)
token 96: id 1516  (0.0 s)
token 97: id 740  (0.0 s)
token 98: id 306  (0.0 s)
token 99: id 317  (0.0 s)
token 100: id 705  (0.0 s)
token 101: id 779  (0.0 s)
token 102: id 317  (0.0 s)
token 103: id 85  (0.0 s)
token 104: id 1516  (0.0 s)
token 105: id 740  (0.0 s)
token 106: id 306  (0.0 s)
token 107: id 317  (0.0 s)
token 108: id 705  (0.0 s)
token 109: id 779  (0.0 s)
token 110: id 317  (0.0 s)
token 111: id 85  (0.0 s)
token 112: id 1516  (0.0 s)
token 113: id 740  (0.0 s)
token 114: id 306  (0.0 s)
token 115: id 317  (0.0 s)
token 116: id 705  (0.0 s)
token 117: id 779  (0.0 s)
token 118: id 317  (0.0 s)
token 119: id 85  (0.0 s)
token 120: id 1516  (0.0 s)
token 121: id 740  (0.0 s)
token 122: id 306  (0.0 s)
token 123: id 317  (0.0 s)
token 124: id 705  (0.0 s)
token 125: id 779  (0.0 s)
token 126: id 317  (0.0 s)
token 127: id 85  (0.0 s)
ids 1 3 204 276 405 659 85 1516 278 320 306 317 445 779 317 85 1516 740 306 317 705 779 317 85 1516 740 306 317 705 779 317 85 1516 740 306 317 705 779 317 85 1516 740 306 317 705 779 317 85 1516 740 306 317 705 779 317 85 1516 740 306 317 705 779 317 85 1516 740 306 317 705 779 317 85 1516 740 306 317 705 779 317 85 1516 740 306 317 705 779 317 85 1516 740 306 317 705 779 317 85 1516 740 306 317 705 779 317 85 1516 740 306 317 705 779 317 85 1516 740 306 317 705 779 317 85 1516 740 306 317 705 779 317 85
# exit 0
