# 32-token integer reference, long params through the pinned runner
model ~/igla-coder-gpu/c_infer/model.bin: 6 layers, d 320, ff 864, vocab 8192
token 0: id 1  (0.0 s)
token 1: id 3  (0.0 s)
token 2: id 204  (0.0 s)
token 3: id 276  (0.0 s)
token 4: id 405  (0.0 s)
token 5: id 659  (0.0 s)
token 6: id 85  (0.0 s)
token 7: id 1516  (0.0 s)
token 8: id 278  (0.0 s)
token 9: id 320  (0.0 s)
token 10: id 306  (0.0 s)
token 11: id 317  (0.0 s)
token 12: id 445  (0.0 s)
token 13: id 779  (0.0 s)
token 14: id 317  (0.0 s)
token 15: id 85  (0.0 s)
token 16: id 1516  (0.0 s)
token 17: id 740  (0.0 s)
token 18: id 306  (0.0 s)
token 19: id 317  (0.0 s)
token 20: id 705  (0.0 s)
token 21: id 779  (0.0 s)
token 22: id 317  (0.0 s)
token 23: id 85  (0.0 s)
token 24: id 1516  (0.0 s)
token 25: id 740  (0.0 s)
token 26: id 306  (0.0 s)
token 27: id 317  (0.0 s)
token 28: id 705  (0.0 s)
token 29: id 779  (0.0 s)
token 30: id 317  (0.0 s)
token 31: id 85  (0.0 s)
ids 1 3 204 276 405 659 85 1516 278 320 306 317 445 779 317 85 1516 740 306 317 705 779 317 85 1516 740 306 317 705 779 317 85
# exit 0
