# start 2026-09-27T03:49:36Z
# usb HUB ['0x1130000']
# cmd python3 trinet_baud_sweep.py --port /dev/cu.usbserial-1130 --centre 1066667 --span 0.0015 --steps 7
sweeping 1065066..1068267 baud in 7 steps of 533, 64 jobs per step, 19-byte responses

board identity (from the frames that came through clean): 0x5452494e

     baud   clean   clean%  rx_bad  tx_bad  empty  short
  1065066       0   0.000%       0       0     64      0
  1065599       0   0.000%       0       0     64      0
  1066132       0   0.000%       0       0     64      0
  1066665       0   0.000%       0       0     64      0
  1067198      64 100.000%       0       0      0      0
  1067731      64 100.000%       0       0      0      0
  1068264      64 100.000%       0       0      0      0

clean window   : 1067198 .. 1068264 baud  (3 consecutive steps, 192 jobs, no failures)
USE THIS RATE  : 1067731 baud  (+/- 0.05% tolerated)
implied CFGMCLK: 64.06 +/- 0.02 MHz  (centre x BAUD_DIV 60; the error is the sweep step, re-run with more --steps to sharpen it)

WARNING: the window touches the edge of the sweep, so the centre is
a lower bound on accuracy. Re-run with a wider --span.

Divisors this CFGMCLK would support, with the exact host rate to use:
  BAUD_DIV= 434 ->    147.6 kbaud   quantisation 0.23%  comfortable
  BAUD_DIV= 300 ->    213.5 kbaud   quantisation 0.33%  comfortable
  BAUD_DIV= 200 ->    320.3 kbaud   quantisation 0.50%  comfortable
  BAUD_DIV= 120 ->    533.9 kbaud   quantisation 0.83%  comfortable
  BAUD_DIV=  90 ->    711.8 kbaud   quantisation 1.11%  tight
  BAUD_DIV=  60 ->   1067.7 kbaud   quantisation 1.67%  tight
  BAUD_DIV=  45 ->   1423.6 kbaud   quantisation 2.22%  likely unstable
  BAUD_DIV=  30 ->   2135.5 kbaud   quantisation 3.33%  likely unstable
real 15.88
user 0.11
sys 0.05
# exit=0
# end 2026-09-27T03:49:52Z
