# start 2026-09-28T17:13:09Z
# usb DIRECT ['0x1100000']
# usb clients 11 {'BrowserOS': 1, 'BrowserOS neo': 1, 'Comet': 1, 'FwUpdateManagerd': 8}
# usb driver AppleUSBSLCOM (com.apple.DriverKit-AppleUSBSLCOM) -> /dev/cu.usbserial-110
# load 4.4 5.5 5.3 on 8 cpus
# cmd python3 -u tern_tc_generate_reopen_t27_ax7203.py --setkey --port /dev/cu.usbserial-110 --keys ../trinet-keys.txt
# limit 3800 s
spec specs/trinet/tern_tc_reopen_t27_ax7203.t27 sha256 648451ffab507442; reopen 4bfd81b3ae1974a3, protocol eda9f8bced1a0f25, harness 8a9a5f6ef57fdad6, node RTL 920a0842dbdaec9f (pins checked)
model ~/igla-coder-gpu/c_infer/t27_tuned/model.bin: 6 layers, d 320, ff 864, vocab 8192
preflight (CPU integer path): ids 204 264 397 226 21 277 0; jobs 6712896, skipped 1754304, rows 118272, calls 168, smallest logit margin 0.2108
setkey: node 0x5452494e already holds a key (0x03); receipts below will show whether it is ours
  t0 L0/qkv        jobs   23296  skipped   3584  receipts   23296/23296   rows   448/448      4.9 s
  t0 L0/wo         jobs   19200  skipped      0  receipts   19200/19200   rows   320/320      4.1 s
  t0 L0/gate+up    jobs   88128  skipped  15552  receipts   88128/88128   rows  1728/1728    18.7 s
  t0 L0/down       jobs   37440  skipped  14400  receipts   37440/37440   rows   320/320      7.9 s
  t0 L1/qkv        jobs   22848  skipped   4032  receipts   22848/22848   rows   448/448      4.8 s
  t0 L1/wo         jobs   17600  skipped   1600  receipts   17600/17600   rows   320/320      3.7 s
  t0 L1/gate+up    jobs   88128  skipped  15552  receipts   88128/88128   rows  1728/1728    18.5 s
  t0 L1/down       jobs   34240  skipped  17600  receipts   34240/34240   rows   320/320      7.2 s
  t0 L2/qkv        jobs   23296  skipped   3584  receipts   23296/23296   rows   448/448      4.9 s
  t0 L2/wo         jobs   17600  skipped   1600  receipts   17600/17600   rows   320/320      3.7 s
  t0 L2/gate+up    jobs   89856  skipped  13824  receipts   89856/89856   rows  1728/1728    18.9 s
  t0 L2/down       jobs   26240  skipped  25600  receipts   26240/26240   rows   320/320      5.5 s
  t0 L3/qkv        jobs   21952  skipped   4928  receipts   21952/21952   rows   448/448      4.6 s
  t0 L3/wo         jobs   17600  skipped   1600  receipts   17600/17600   rows   320/320      3.7 s
  t0 L3/gate+up    jobs   89856  skipped  13824  receipts   89856/89856   rows  1728/1728    18.9 s
  t0 L3/down       jobs   26880  skipped  24960  receipts   26880/26880   rows   320/320      5.7 s
  t0 L4/qkv        jobs   23296  skipped   3584  receipts   23296/23296   rows   448/448      4.9 s
  t0 L4/wo         jobs   17600  skipped   1600  receipts   17600/17600   rows   320/320      3.7 s
  t0 L4/gate+up    jobs   91584  skipped  12096  receipts   91584/91584   rows  1728/1728    19.3 s
  t0 L4/down       jobs   30720  skipped  21120  receipts   30720/30720   rows   320/320      6.5 s
  t0 L5/qkv        jobs   22848  skipped   4032  receipts   22848/22848   rows   448/448      4.8 s
  t0 L5/wo         jobs   17600  skipped   1600  receipts   17600/17600   rows   320/320      3.7 s
  t0 L5/gate+up    jobs   89856  skipped  13824  receipts   89856/89856   rows  1728/1728    19.0 s
  t0 L5/down       jobs   40960  skipped  10880  receipts   40960/40960   rows   320/320      8.6 s
token 0: id 204  (206.2 s)
  t1 L0/qkv        jobs   22848  skipped   4032  receipts   22848/22848   rows   448/448      4.8 s
  t1 L0/wo         jobs   18560  skipped    640  receipts   18560/18560   rows   320/320      3.9 s
  t1 L0/gate+up    jobs   88128  skipped  15552  receipts   88128/88128   rows  1728/1728    18.5 s
  t1 L0/down       jobs   32000  skipped  19840  receipts   32000/32000   rows   320/320      6.7 s
  t1 L1/qkv        jobs   19264  skipped   7616  receipts   19264/19264   rows   448/448      4.1 s
  t1 L1/wo         jobs   16960  skipped   2240  receipts   16960/16960   rows   320/320      3.6 s
  t1 L1/gate+up    jobs   88128  skipped  15552  receipts   88128/88128   rows  1728/1728    18.6 s
  t1 L1/down       jobs   38400  skipped  13440  receipts   38400/38400   rows   320/320      8.1 s
  t1 L2/qkv        jobs   22848  skipped   4032  receipts   22848/22848   rows   448/448      4.8 s
  t1 L2/wo         jobs   17600  skipped   1600  receipts   17600/17600   rows   320/320      3.7 s
  t1 L2/gate+up    jobs   89856  skipped  13824  receipts   89856/89856   rows  1728/1728    18.9 s
  t1 L2/down       jobs   33920  skipped  17920  receipts   33920/33920   rows   320/320      7.1 s
  t1 L3/qkv        jobs   20160  skipped   6720  receipts   20160/20160   rows   448/448      4.2 s
  t1 L3/wo         jobs   17600  skipped   1600  receipts   17600/17600   rows   320/320      3.7 s
  t1 L3/gate+up    jobs   89856  skipped  13824  receipts   89856/89856   rows  1728/1728    19.0 s
  t1 L3/down       jobs   34880  skipped  16960  receipts   34880/34880   rows   320/320      7.4 s
  t1 L4/qkv        jobs   22848  skipped   4032  receipts   22848/22848   rows   448/448      4.8 s
  t1 L4/wo         jobs   17600  skipped   1600  receipts   17600/17600   rows   320/320      3.7 s
  t1 L4/gate+up    jobs   88128  skipped  15552  receipts   88128/88128   rows  1728/1728    18.5 s
  t1 L4/down       jobs   32640  skipped  19200  receipts   32640/32640   rows   320/320      6.9 s
  t1 L5/qkv        jobs   22848  skipped   4032  receipts   22848/22848   rows   448/448      4.8 s
  t1 L5/wo         jobs   16320  skipped   2880  receipts   16320/16320   rows   320/320      3.4 s
  t1 L5/gate+up    jobs   91584  skipped  12096  receipts   91584/91584   rows  1728/1728    19.3 s
  t1 L5/down       jobs   36480  skipped  15360  receipts   36480/36480   rows   320/320      7.7 s
token 1: id 264  (206.4 s)
  t2 L0/qkv        jobs   23744  skipped   3136  receipts   23744/23744   rows   448/448      5.1 s
  t2 L0/wo         jobs   16320  skipped   2880  receipts   16320/16320   rows   320/320      3.4 s
  t2 L0/gate+up    jobs   89856  skipped  13824  receipts   89856/89856   rows  1728/1728    19.0 s
  t2 L0/down       jobs   29120  skipped  22720  receipts   29120/29120   rows   320/320      6.1 s
  t2 L1/qkv        jobs   19264  skipped   7616  receipts   19264/19264   rows   448/448      4.1 s
  t2 L1/wo         jobs   16640  skipped   2560  receipts   16640/16640   rows   320/320      3.5 s
  t2 L1/gate+up    jobs   89856  skipped  13824  receipts   89856/89856   rows  1728/1728    19.1 s
  t2 L1/down       jobs   32640  skipped  19200  receipts   32640/32640   rows   320/320      6.9 s
  t2 L2/qkv        jobs   21952  skipped   4928  receipts   21952/21952   rows   448/448      4.6 s
  t2 L2/wo         jobs   16320  skipped   2880  receipts   16320/16320   rows   320/320      3.4 s
  t2 L2/gate+up    jobs   88128  skipped  15552  receipts   88128/88128   rows  1728/1728    18.6 s
  t2 L2/down       jobs   30400  skipped  21440  receipts   30400/30400   rows   320/320      6.5 s
  t2 L3/qkv        jobs   19264  skipped   7616  receipts   19264/19264   rows   448/448      4.1 s
  t2 L3/wo         jobs   17600  skipped   1600  receipts   17600/17600   rows   320/320      3.7 s
  t2 L3/gate+up    jobs   88128  skipped  15552  receipts   88128/88128   rows  1728/1728    18.6 s
  t2 L3/down       jobs   29440  skipped  22400  receipts   29440/29440   rows   320/320      6.2 s
  t2 L4/qkv        jobs   22848  skipped   4032  receipts   22848/22848   rows   448/448      4.9 s
  t2 L4/wo         jobs   16320  skipped   2880  receipts   16320/16320   rows   320/320      3.5 s
  t2 L4/gate+up    jobs   89856  skipped  13824  receipts   89856/89856   rows  1728/1728    19.0 s
  t2 L4/down       jobs   36160  skipped  15680  receipts   36160/36160   rows   320/320      7.7 s
  t2 L5/qkv        jobs   23296  skipped   3584  receipts   23296/23296   rows   448/448      4.9 s
  t2 L5/wo         jobs   16640  skipped   2560  receipts   16640/16640   rows   320/320      3.5 s
  t2 L5/gate+up    jobs   89856  skipped  13824  receipts   89856/89856   rows  1728/1728    19.0 s
  t2 L5/down       jobs   34240  skipped  17600  receipts   34240/34240   rows   320/320      7.2 s
token 2: id 397  (202.6 s)
  t3 L0/qkv        jobs   22848  skipped   4032  receipts   22848/22848   rows   448/448      4.8 s
  t3 L0/wo         jobs   16640  skipped   2560  receipts   16640/16640   rows   320/320      3.5 s
  t3 L0/gate+up    jobs   88128  skipped  15552  receipts   88128/88128   rows  1728/1728    18.6 s
  t3 L0/down       jobs   31360  skipped  20480  receipts   31360/31360   rows   320/320      6.6 s
  t3 L1/qkv        jobs   18816  skipped   8064  receipts   18816/18816   rows   448/448      4.0 s
  t3 L1/wo         jobs   16320  skipped   2880  receipts   16320/16320   rows   320/320      3.5 s
  t3 L1/gate+up    jobs   88128  skipped  15552  receipts   88128/88128   rows  1728/1728    18.7 s
  t3 L1/down       jobs   29120  skipped  22720  receipts   29120/29120   rows   320/320      6.2 s
  t3 L2/qkv        jobs   21056  skipped   5824  receipts   21056/21056   rows   448/448      4.4 s
  t3 L2/wo         jobs   16640  skipped   2560  receipts   16640/16640   rows   320/320      3.5 s
  t3 L2/gate+up    jobs   88128  skipped  15552  receipts   88128/88128   rows  1728/1728    18.6 s
  t3 L2/down       jobs   32000  skipped  19840  receipts   32000/32000   rows   320/320      6.7 s
  t3 L3/qkv        jobs   18816  skipped   8064  receipts   18816/18816   rows   448/448      4.0 s
  t3 L3/wo         jobs   17280  skipped   1920  receipts   17280/17280   rows   320/320      3.6 s
  t3 L3/gate+up    jobs   88128  skipped  15552  receipts   88128/88128   rows  1728/1728    18.5 s
  t3 L3/down       jobs   32960  skipped  18880  receipts   32960/32960   rows   320/320      6.9 s
  t3 L4/qkv        jobs   22400  skipped   4480  receipts   22400/22400   rows   448/448      4.7 s
  t3 L4/wo         jobs   16960  skipped   2240  receipts   16960/16960   rows   320/320      3.6 s
  t3 L4/gate+up    jobs   89856  skipped  13824  receipts   89856/89856   rows  1728/1728    18.9 s
  t3 L4/down       jobs   29440  skipped  22400  receipts   29440/29440   rows   320/320      6.2 s
  t3 L5/qkv        jobs   22400  skipped   4480  receipts   22400/22400   rows   448/448      4.7 s
  t3 L5/wo         jobs   16320  skipped   2880  receipts   16320/16320   rows   320/320      3.4 s
  t3 L5/gate+up    jobs   88128  skipped  15552  receipts   88128/88128   rows  1728/1728    18.6 s
  t3 L5/down       jobs   39680  skipped  12160  receipts   39680/39680   rows   320/320      8.3 s
token 3: id 226  (200.7 s)
  t4 L0/qkv        jobs   22848  skipped   4032  receipts   22848/22848   rows   448/448      4.8 s
  t4 L0/wo         jobs   16640  skipped   2560  receipts   16640/16640   rows   320/320      3.5 s
  t4 L0/gate+up    jobs   88128  skipped  15552  receipts   88128/88128   rows  1728/1728    18.5 s
  t4 L0/down       jobs   22080  skipped  29760  receipts   22080/22080   rows   320/320      4.6 s
  t4 L1/qkv        jobs   19264  skipped   7616  receipts   19264/19264   rows   448/448      4.0 s
  t4 L1/wo         jobs   16320  skipped   2880  receipts   16320/16320   rows   320/320      3.5 s
  t4 L1/gate+up    jobs   91584  skipped  12096  receipts   91584/91584   rows  1728/1728    19.2 s
  t4 L1/down       jobs   26560  skipped  25280  receipts   26560/26560   rows   320/320      5.6 s
  t4 L2/qkv        jobs   21952  skipped   4928  receipts   21952/21952   rows   448/448      4.6 s
  t4 L2/wo         jobs   16640  skipped   2560  receipts   16640/16640   rows   320/320      3.5 s
  t4 L2/gate+up    jobs   91584  skipped  12096  receipts   91584/91584   rows  1728/1728    19.3 s
  t4 L2/down       jobs   33600  skipped  18240  receipts   33600/33600   rows   320/320      7.1 s
  t4 L3/qkv        jobs   19712  skipped   7168  receipts   19712/19712   rows   448/448      4.1 s
  t4 L3/wo         jobs   16640  skipped   2560  receipts   16640/16640   rows   320/320      3.5 s
  t4 L3/gate+up    jobs   88128  skipped  15552  receipts   88128/88128   rows  1728/1728    18.5 s
  t4 L3/down       jobs   36800  skipped  15040  receipts   36800/36800   rows   320/320      7.7 s
  t4 L4/qkv        jobs   22848  skipped   4032  receipts   22848/22848   rows   448/448      4.8 s
  t4 L4/wo         jobs   16320  skipped   2880  receipts   16320/16320   rows   320/320      3.4 s
  t4 L4/gate+up    jobs   89856  skipped  13824  receipts   89856/89856   rows  1728/1728    18.9 s
  t4 L4/down       jobs   36800  skipped  15040  receipts   36800/36800   rows   320/320      7.7 s
  t4 L5/qkv        jobs   22848  skipped   4032  receipts   22848/22848   rows   448/448      4.8 s
  t4 L5/wo         jobs   16640  skipped   2560  receipts   16640/16640   rows   320/320      3.5 s
  t4 L5/gate+up    jobs   91584  skipped  12096  receipts   91584/91584   rows  1728/1728    19.2 s
  t4 L5/down       jobs   32960  skipped  18880  receipts   32960/32960   rows   320/320      6.9 s
token 4: id 21  (201.6 s)
  t5 L0/qkv        jobs   22848  skipped   4032  receipts   22848/22848   rows   448/448      4.8 s
  t5 L0/wo         jobs   16640  skipped   2560  receipts   16640/16640   rows   320/320      3.5 s
  t5 L0/gate+up    jobs   88128  skipped  15552  receipts   88128/88128   rows  1728/1728    18.5 s
  t5 L0/down       jobs   20800  skipped  31040  receipts   20800/20800   rows   320/320      4.4 s
  t5 L1/qkv        jobs   19264  skipped   7616  receipts   19264/19264   rows   448/448      4.0 s
  t5 L1/wo         jobs   16320  skipped   2880  receipts   16320/16320   rows   320/320      3.4 s
  t5 L1/gate+up    jobs   88128  skipped  15552  receipts   88128/88128   rows  1728/1728    18.5 s
  t5 L1/down       jobs   25920  skipped  25920  receipts   25920/25920   rows   320/320      5.4 s
  t5 L2/qkv        jobs   22848  skipped   4032  receipts   22848/22848   rows   448/448      4.8 s
  t5 L2/wo         jobs   16640  skipped   2560  receipts   16640/16640   rows   320/320      3.5 s
  t5 L2/gate+up    jobs   88128  skipped  15552  receipts   88128/88128   rows  1728/1728    18.6 s
  t5 L2/down       jobs   31040  skipped  20800  receipts   31040/31040   rows   320/320      6.5 s
  t5 L3/qkv        jobs   19712  skipped   7168  receipts   19712/19712   rows   448/448      4.1 s
  t5 L3/wo         jobs   16320  skipped   2880  receipts   16320/16320   rows   320/320      3.4 s
  t5 L3/gate+up    jobs   88128  skipped  15552  receipts   88128/88128   rows  1728/1728    18.5 s
  t5 L3/down       jobs   34240  skipped  17600  receipts   34240/34240   rows   320/320      7.2 s
  t5 L4/qkv        jobs   23296  skipped   3584  receipts   23296/23296   rows   448/448      4.9 s
  t5 L4/wo         jobs   16640  skipped   2560  receipts   16640/16640   rows   320/320      3.5 s
  t5 L4/gate+up    jobs   88128  skipped  15552  receipts   88128/88128   rows  1728/1728    18.5 s
  t5 L4/down       jobs   39040  skipped  12800  receipts   39040/39040   rows   320/320      8.2 s
  t5 L5/qkv        jobs   22848  skipped   4032  receipts   22848/22848   rows   448/448      4.8 s
  t5 L5/wo         jobs   15680  skipped   3520  receipts   15680/15680   rows   320/320      3.3 s
  t5 L5/gate+up    jobs   88128  skipped  15552  receipts   88128/88128   rows  1728/1728    18.6 s
  t5 L5/down       jobs   30080  skipped  21760  receipts   30080/30080   rows   320/320      6.3 s
token 5: id 277  (197.5 s)
  t6 L0/qkv        jobs   22848  skipped   4032  receipts   22848/22848   rows   448/448      4.8 s
  t6 L0/wo         jobs   16320  skipped   2880  receipts   16320/16320   rows   320/320      3.4 s
  t6 L0/gate+up    jobs   88128  skipped  15552  receipts   88128/88128   rows  1728/1728    18.5 s
  t6 L0/down       jobs   28480  skipped  23360  receipts   28480/28480   rows   320/320      6.0 s
  t6 L1/qkv        jobs   18816  skipped   8064  receipts   18816/18816   rows   448/448      4.0 s
  t6 L1/wo         jobs   16640  skipped   2560  receipts   16640/16640   rows   320/320      3.5 s
  t6 L1/gate+up    jobs   88128  skipped  15552  receipts   88128/88128   rows  1728/1728    18.6 s
  t6 L1/down       jobs   34240  skipped  17600  receipts   34240/34240   rows   320/320      7.2 s
  t6 L2/qkv        jobs   19712  skipped   7168  receipts   19712/19712   rows   448/448      4.1 s
  t6 L2/wo         jobs   16960  skipped   2240  receipts   16960/16960   rows   320/320      3.6 s
  t6 L2/gate+up    jobs   88128  skipped  15552  receipts   88128/88128   rows  1728/1728    18.5 s
  t6 L2/down       jobs   25600  skipped  26240  receipts   25600/25600   rows   320/320      5.4 s
  t6 L3/qkv        jobs   18368  skipped   8512  receipts   18368/18368   rows   448/448      3.9 s
  t6 L3/wo         jobs   16640  skipped   2560  receipts   16640/16640   rows   320/320      3.5 s
  t6 L3/gate+up    jobs   88128  skipped  15552  receipts   88128/88128   rows  1728/1728    18.5 s
  t6 L3/down       jobs   32000  skipped  19840  receipts   32000/32000   rows   320/320      6.7 s
  t6 L4/qkv        jobs   21952  skipped   4928  receipts   21952/21952   rows   448/448      4.6 s
  t6 L4/wo         jobs   16960  skipped   2240  receipts   16960/16960   rows   320/320      3.6 s
  t6 L4/gate+up    jobs   91584  skipped  12096  receipts   91584/91584   rows  1728/1728    19.2 s
  t6 L4/down       jobs   38720  skipped  13120  receipts   38720/38720   rows   320/320      8.1 s
  t6 L5/qkv        jobs   22848  skipped   4032  receipts   22848/22848   rows   448/448      4.8 s
  t6 L5/wo         jobs   15680  skipped   3520  receipts   15680/15680   rows   320/320      3.3 s
  t6 L5/gate+up    jobs   89856  skipped  13824  receipts   89856/89856   rows  1728/1728    18.9 s
  t6 L5/down       jobs   31360  skipped  20480  receipts   31360/31360   rows   320/320      6.6 s
token 6: id 0  (199.5 s)
------------------------------------------------------------------
calls                   : 168 of 168 (4 per layer per token)
jobs                    : 6712896 of 6712896 (+ 1754304 chunks skipped: activation digit plane all zero)
requests written        : 6712896 (0 of them retransmits under nonces from 0x20000000)
receipts verified (tag) : 6712896/6712896 under node 0x5452494e
rows bit-exact          : 118272/118272  (int8 activations from the model's own forward pass)
transport               : retransmitted jobs 0 (ceiling 256), resyncs 0 (ceiling 32), lost 0, unverified 0, foreign frames 0, late answers 0, bytes skipped while scanning 0
link                    : reopens 0 (ceiling 4), flushes seen 0, waits [] s
events kept             : 0 (cap 512); lost 0 + resyncs 0 = 0
elapsed                 : 1414.5 s of 3600 (4749 answers/s in run())
longest host pause      : 37.8 ms
------------------------------------------------------------------
ids board  : 204 264 397 226 21 277 0
CPU_INT_IDS: 204 264 397 226 21 277 0
RESULT: PASS - 7 tokens generated with every ternary dot product computed on the
        AX7203 and every credited receipt verified under the key; ids equal the CPU integer
        path; 0 jobs asked again, 0 resyncs, 0 reopens.
        No stop happened, so this run does not test whether a reopen clears one.
real 1414.98
user 369.13
sys 81.97
# exit=0
# load 5.7 5.8 5.5 on 8 cpus
# end 2026-09-28T17:36:44Z
