# start 2026-09-27T15:37:21Z
# usb HUB ['0x110000']
# usb clients 91 {'BrowserOS neo': 1, 'FwUpdateManagerd': 90}
# cmd python3 -u tern_tc_generate_rt_ax7203.py --setkey --port /dev/cu.usbserial-110 --keys ../trinet-keys.txt
# limit 3900 s
spec specs/trinet/tern_tc_retransmit_ax7203.t27 sha256 4dbdee3431c85e6b; protocol eda9f8bced1a0f25, harness 8a9a5f6ef57fdad6, node RTL 920a0842dbdaec9f (pins checked)
model ~/igla-coder-gpu/c_infer/model.bin: 6 layers, d 320, ff 864, vocab 8192
preflight (CPU integer path): ids 1 3 204 276 405 659 85 1516; jobs 7682304, skipped 1994496, rows 135168, calls 192, smallest logit margin 0.0352
setkey: node 0x5452494e already holds a key (0x03); receipts below will show whether it is ours
  t0 L0/qkv        jobs   23296  skipped   3584  receipts   23296/23296   rows   448/448      4.9 s
  t0 L0/wo         jobs   17600  skipped   1600  receipts   17600/17600   rows   320/320      3.7 s
  t0 L0/gate+up    jobs   88128  skipped  15552  receipts   88128/88128   rows  1728/1728    18.5 s
  t0 L0/down       jobs   39360  skipped  12480  receipts   39360/39360   rows   320/320      8.3 s
  t0 L1/qkv        jobs   22848  skipped   4032  receipts   22848/22848   rows   448/448      4.8 s
  t0 L1/wo         jobs   17600  skipped   1600  receipts   17600/17600   rows   320/320      3.7 s
  t0 L1/gate+up    jobs   89856  skipped  13824  receipts   89856/89856   rows  1728/1728    19.1 s
  t0 L1/down       jobs   27840  skipped  24000  receipts   27840/27840   rows   320/320      6.0 s
  t0 L2/qkv        jobs   23296  skipped   3584  receipts   23296/23296   rows   448/448      4.9 s
  t0 L2/wo         jobs   17600  skipped   1600  receipts   17600/17600   rows   320/320      3.7 s
  t0 L2/gate+up    jobs   88128  skipped  15552  receipts   88128/88128   rows  1728/1728    18.7 s
  t0 L2/down       jobs   30080  skipped  21760  receipts   30080/30080   rows   320/320      6.4 s
  t0 L3/qkv        jobs   22848  skipped   4032  receipts   22848/22848   rows   448/448      4.8 s
  t0 L3/wo         jobs   17600  skipped   1600  receipts   17600/17600   rows   320/320      3.7 s
  t0 L3/gate+up    jobs   88128  skipped  15552  receipts   88128/88128   rows  1728/1728    18.9 s
  t0 L3/down       jobs   28480  skipped  23360  receipts   28480/28480   rows   320/320      6.2 s
  t0 L4/qkv        jobs   23296  skipped   3584  receipts   23296/23296   rows   448/448      4.9 s
  t0 L4/wo         jobs   17600  skipped   1600  receipts   17600/17600   rows   320/320      3.7 s
  t0 L4/gate+up    jobs   88128  skipped  15552  receipts   88128/88128   rows  1728/1728    19.0 s
  t0 L4/down       jobs   35520  skipped  16320  receipts   35520/35520   rows   320/320      7.5 s
  t0 L5/qkv        jobs   23296  skipped   3584  receipts   23296/23296   rows   448/448      4.9 s
  t0 L5/wo         jobs   17600  skipped   1600  receipts   17600/17600   rows   320/320      3.8 s
  t0 L5/gate+up    jobs   88128  skipped  15552  receipts   88128/88128   rows  1728/1728    18.6 s
  t0 L5/down       jobs   38080  skipped  13760  receipts   38080/38080   rows   320/320      8.0 s
token 0: id 1  (207.0 s)
  t1 L0/qkv        jobs   22848  skipped   4032  receipts   22848/22848   rows   448/448      4.8 s
  t1 L0/wo         jobs   16320  skipped   2880  receipts   16320/16320   rows   320/320      3.6 s
  t1 L0/gate+up    jobs   88128  skipped  15552  receipts   88128/88128   rows  1728/1728    18.6 s
  t1 L0/down       jobs   35840  skipped  16000  receipts   35840/35840   rows   320/320      7.9 s
  t1 L1/qkv        jobs   22848  skipped   4032  receipts   22848/22848   rows   448/448      5.1 s
  t1 L1/wo         jobs   16640  skipped   2560  receipts   16640/16640   rows   320/320      3.5 s
  t1 L1/gate+up    jobs   88128  skipped  15552  receipts   88128/88128   rows  1728/1728    18.8 s
  t1 L1/down       jobs   36800  skipped  15040  receipts   36800/36800   rows   320/320      7.9 s
  t1 L2/qkv        jobs   22848  skipped   4032  receipts   22848/22848   rows   448/448      4.9 s
  t1 L2/wo         jobs   17280  skipped   1920  receipts   17280/17280   rows   320/320      3.6 s
  t1 L2/gate+up    jobs   88128  skipped  15552  receipts   88128/88128   rows  1728/1728    18.6 s
  t1 L2/down       jobs   30400  skipped  21440  receipts   30400/30400   rows   320/320      6.6 s
  t1 L3/qkv        jobs   22848  skipped   4032  receipts   22848/22848   rows   448/448      4.8 s
  t1 L3/wo         jobs   17280  skipped   1920  receipts   17280/17280   rows   320/320      3.7 s
  t1 L3/gate+up    jobs   89856  skipped  13824  receipts   89856/89856   rows  1728/1728    19.0 s
  t1 L3/down       jobs   36480  skipped  15360  receipts   36480/36480   rows   320/320      7.8 s
  t1 L4/qkv        jobs   22848  skipped   4032  receipts   22848/22848   rows   448/448      4.8 s
  t1 L4/wo         jobs   16640  skipped   2560  receipts   16640/16640   rows   320/320      3.7 s
  t1 L4/gate+up    jobs   88128  skipped  15552  receipts   88128/88128   rows  1728/1728    18.7 s
  t1 L4/down       jobs   30720  skipped  21120  receipts   30720/30720   rows   320/320      6.5 s
  t1 L5/qkv        jobs   22848  skipped   4032  receipts   22848/22848   rows   448/448      5.1 s
  t1 L5/wo         jobs   16960  skipped   2240  receipts   16960/16960   rows   320/320      3.9 s
  t1 L5/gate+up    jobs   89856  skipped  13824  receipts   89856/89856   rows  1728/1728    19.3 s
  t1 L5/down       jobs   35840  skipped  16000  receipts   35840/35840   rows   320/320      7.6 s
token 1: id 3  (208.8 s)
  t2 L0/qkv        jobs   22848  skipped   4032  receipts   22848/22848   rows   448/448      4.8 s
  t2 L0/wo         jobs   17280  skipped   1920  receipts   17280/17280   rows   320/320      3.6 s
  t2 L0/gate+up    jobs   88128  skipped  15552  receipts   88128/88128   rows  1728/1728    18.7 s
  t2 L0/down       jobs   30080  skipped  21760  receipts   30080/30080   rows   320/320      6.4 s
  t2 L1/qkv        jobs   21056  skipped   5824  receipts   21056/21056   rows   448/448      4.7 s
  t2 L1/wo         jobs   16320  skipped   2880  receipts   16320/16320   rows   320/320      3.5 s
  t2 L1/gate+up    jobs   88128  skipped  15552  receipts   88128/88128   rows  1728/1728    18.8 s
  t2 L1/down       jobs   25920  skipped  25920  receipts   25920/25920   rows   320/320      5.5 s
  t2 L2/qkv        jobs   23296  skipped   3584  receipts   23296/23296   rows   448/448      4.9 s
  t2 L2/wo         jobs   16320  skipped   2880  receipts   16320/16320   rows   320/320      3.5 s
  t2 L2/gate+up    jobs   88128  skipped  15552  receipts   88128/88128   rows  1728/1728    18.7 s
  t2 L2/down       jobs   24000  skipped  27840  receipts   24000/24000   rows   320/320      5.1 s
  t2 L3/qkv        jobs   21952  skipped   4928  receipts   21952/21952   rows   448/448      4.7 s
  t2 L3/wo         jobs   16320  skipped   2880  receipts   16320/16320   rows   320/320      3.5 s
  t2 L3/gate+up    jobs   88128  skipped  15552  receipts   88128/88128   rows  1728/1728    18.9 s
  t2 L3/down       jobs   27520  skipped  24320  receipts   27520/27520   rows   320/320      6.0 s
  t2 L4/qkv        jobs   23296  skipped   3584  receipts   23296/23296   rows   448/448      4.9 s
  t2 L4/wo         jobs   16640  skipped   2560  receipts   16640/16640   rows   320/320      3.6 s
  t2 L4/gate+up    jobs   88128  skipped  15552  receipts   88128/88128   rows  1728/1728    18.8 s
  t2 L4/down       jobs   32000  skipped  19840  receipts   32000/32000   rows   320/320      6.8 s
  t2 L5/qkv        jobs   22848  skipped   4032  receipts   22848/22848   rows   448/448      4.8 s
  t2 L5/wo         jobs   16960  skipped   2240  receipts   16960/16960   rows   320/320      3.6 s
  t2 L5/gate+up    jobs   88128  skipped  15552  receipts   88128/88128   rows  1728/1728    18.7 s
  t2 L5/down       jobs   28800  skipped  23040  receipts   28800/28800   rows   320/320      6.1 s
token 2: id 204  (198.5 s)
  t3 L0/qkv        jobs   23296  skipped   3584  receipts   23296/23296   rows   448/448      4.9 s
  t3 L0/wo         jobs   16320  skipped   2880  receipts   16320/16320   rows   320/320      3.4 s
  t3 L0/gate+up    jobs   89856  skipped  13824  receipts   89856/89856   rows  1728/1728    19.0 s
  t3 L0/down       jobs   28800  skipped  23040  receipts   28800/28800   rows   320/320      6.3 s
  t3 L1/qkv        jobs   18816  skipped   8064  receipts   18816/18816   rows   448/448      4.2 s
  t3 L1/wo         jobs   16320  skipped   2880  receipts   16320/16320   rows   320/320      3.5 s
  t3 L1/gate+up    jobs   88128  skipped  15552  receipts   88128/88128   rows  1728/1728    18.7 s
  t3 L1/down       jobs   33600  skipped  18240  receipts   33600/33600   rows   320/320      7.1 s
  t3 L2/qkv        jobs   22400  skipped   4480  receipts   22400/22400   rows   448/448      4.7 s
  t3 L2/wo         jobs   16320  skipped   2880  receipts   16320/16320   rows   320/320      3.4 s
  t3 L2/gate+up    jobs   88128  skipped  15552  receipts   88128/88128   rows  1728/1728    19.1 s
  t3 L2/down       jobs   37120  skipped  14720  receipts   37120/37120   rows   320/320      7.9 s
  t3 L3/qkv        jobs   19264  skipped   7616  receipts   19264/19264   rows   448/448      4.1 s
  t3 L3/wo         jobs   16640  skipped   2560  receipts   16640/16640   rows   320/320      3.5 s
  t3 L3/gate+up    jobs   88128  skipped  15552  receipts   88128/88128   rows  1728/1728    18.7 s
  t3 L3/down       jobs   31680  skipped  20160  receipts   31680/31680   rows   320/320      6.7 s
  t3 L4/qkv        jobs   22848  skipped   4032  receipts   22848/22848   rows   448/448      4.8 s
  t3 L4/wo         jobs   16640  skipped   2560  receipts   16640/16640   rows   320/320      3.5 s
  t3 L4/gate+up    jobs   91584  skipped  12096  receipts   91584/91584   rows  1728/1728    19.4 s
  t3 L4/down       jobs   25920  skipped  25920  receipts   25920/25920   rows   320/320      5.5 s
  t3 L5/qkv        jobs   22848  skipped   4032  receipts   22848/22848   rows   448/448      4.8 s
  t3 L5/wo         jobs   16960  skipped   2240  receipts   16960/16960   rows   320/320      3.7 s
  t3 L5/gate+up    jobs   88128  skipped  15552  receipts   88128/88128   rows  1728/1728    18.6 s
  t3 L5/down       jobs   34560  skipped  17280  receipts   34560/34560   rows   320/320      7.3 s
token 3: id 276  (202.9 s)
  t4 L0/qkv        jobs   22848  skipped   4032  receipts   22848/22848   rows   448/448      4.8 s
  t4 L0/wo         jobs   16320  skipped   2880  receipts   16320/16320   rows   320/320      3.4 s
  t4 L0/gate+up    jobs   89856  skipped  13824  receipts   89856/89856   rows  1728/1728    19.1 s
  t4 L0/down       jobs   26880  skipped  24960  receipts   26880/26880   rows   320/320      5.7 s
  t4 L1/qkv        jobs   19264  skipped   7616  receipts   19264/19264   rows   448/448      4.1 s
  t4 L1/wo         jobs   16320  skipped   2880  receipts   16320/16320   rows   320/320      3.5 s
  t4 L1/gate+up    jobs   88128  skipped  15552  receipts   88128/88128   rows  1728/1728    18.6 s
  t4 L1/down       jobs   30400  skipped  21440  receipts   30400/30400   rows   320/320      6.4 s
  t4 L2/qkv        jobs   20608  skipped   6272  receipts   20608/20608   rows   448/448      4.3 s
  t4 L2/wo         jobs   16320  skipped   2880  receipts   16320/16320   rows   320/320      3.4 s
  t4 L2/gate+up    jobs   88128  skipped  15552  receipts   88128/88128   rows  1728/1728    18.7 s
  t4 L2/down       jobs   28480  skipped  23360  receipts   28480/28480   rows   320/320      6.0 s
  t4 L3/qkv        jobs   19264  skipped   7616  receipts   19264/19264   rows   448/448      4.1 s
  t4 L3/wo         jobs   16320  skipped   2880  receipts   16320/16320   rows   320/320      3.4 s
  t4 L3/gate+up    jobs   88128  skipped  15552  receipts   88128/88128   rows  1728/1728    18.7 s
  t4 L3/down       jobs   28160  skipped  23680  receipts   28160/28160   rows   320/320      6.0 s
  t4 L4/qkv        jobs   23296  skipped   3584  receipts   23296/23296   rows   448/448      4.9 s
  t4 L4/wo         jobs   16320  skipped   2880  receipts   16320/16320   rows   320/320      3.5 s
  t4 L4/gate+up    jobs   88128  skipped  15552  receipts   88128/88128   rows  1728/1728    18.6 s
  t4 L4/down       jobs   35520  skipped  16320  receipts   35520/35520   rows   320/320      7.5 s
  t4 L5/qkv        jobs   22848  skipped   4032  receipts   22848/22848   rows   448/448      4.8 s
  t4 L5/wo         jobs   16320  skipped   2880  receipts   16320/16320   rows   320/320      3.5 s
  t4 L5/gate+up    jobs   88128  skipped  15552  receipts   88128/88128   rows  1728/1728    18.8 s
  t4 L5/down       jobs   36800  skipped  15040  receipts   36800/36800   rows   320/320      7.8 s
token 4: id 405  (199.9 s)
  t5 L0/qkv        jobs   22848  skipped   4032  receipts   22848/22848   rows   448/448      4.8 s
  t5 L0/wo         jobs   16640  skipped   2560  receipts   16640/16640   rows   320/320      3.5 s
  t5 L0/gate+up    jobs   88128  skipped  15552  receipts   88128/88128   rows  1728/1728    18.6 s
  t5 L0/down       jobs   28480  skipped  23360  receipts   28480/28480   rows   320/320      6.0 s
  t5 L1/qkv        jobs   21504  skipped   5376  receipts   21504/21504   rows   448/448      4.5 s
  t5 L1/wo         jobs   16960  skipped   2240  receipts   16960/16960   rows   320/320      3.6 s
  t5 L1/gate+up    jobs   89856  skipped  13824  receipts   89856/89856   rows  1728/1728    19.0 s
  t5 L1/down       jobs   30400  skipped  21440  receipts   30400/30400   rows   320/320      6.4 s
  t5 L2/qkv        jobs   22848  skipped   4032  receipts   22848/22848   rows   448/448      4.8 s
  t5 L2/wo         jobs   16960  skipped   2240  receipts   16960/16960   rows   320/320      3.6 s
  t5 L2/gate+up    jobs   88128  skipped  15552  receipts   88128/88128   rows  1728/1728    18.6 s
  t5 L2/down       jobs   28480  skipped  23360  receipts   28480/28480   rows   320/320      6.0 s
  t5 L3/qkv        jobs   19712  skipped   7168  receipts   19712/19712   rows   448/448      4.1 s
  t5 L3/wo         jobs   16960  skipped   2240  receipts   16960/16960   rows   320/320      3.6 s
  t5 L3/gate+up    jobs   88128  skipped  15552  receipts   88128/88128   rows  1728/1728    18.9 s
  t5 L3/down       jobs   35200  skipped  16640  receipts   35200/35200   rows   320/320      7.4 s
  t5 L4/qkv        jobs   22848  skipped   4032  receipts   22848/22848   rows   448/448      4.8 s
  t5 L4/wo         jobs   16960  skipped   2240  receipts   16960/16960   rows   320/320      3.6 s
  t5 L4/gate+up    jobs   88128  skipped  15552  receipts   88128/88128   rows  1728/1728    18.7 s
  t5 L4/down       jobs   32960  skipped  18880  receipts   32960/32960   rows   320/320      7.0 s
  t5 L5/qkv        jobs   22848  skipped   4032  receipts   22848/22848   rows   448/448      4.9 s
  t5 L5/wo         jobs   16640  skipped   2560  receipts   16640/16640   rows   320/320      3.5 s
  t5 L5/gate+up    jobs   89856  skipped  13824  receipts   89856/89856   rows  1728/1728    19.2 s
  t5 L5/down       jobs   35520  skipped  16320  receipts   35520/35520   rows   320/320      7.5 s
token 5: id 659  (202.8 s)
  t6 L0/qkv        jobs   22848  skipped   4032  receipts   16850/22848   rows   330/448     21.7 s  FAIL
    ! job 16873 lost 3 times (ceiling 3)
    ! call 145: nonce 0x20000021 (job 16859) had no verifiable answer by the end of a resync; job queued again
    ! call 145: nonce 0x20000022 (job 16860) had no verifiable answer by the end of a resync; job queued again
    ! call 145: nonce 0x20000023 (job 16861) had no verifiable answer by the end of a resync; job queued again
    ! call 145: nonce 0x20000024 (job 16862) had no verifiable answer by the end of a resync; job queued again
------------------------------------------------------------------
calls                   : 145 of 192 (4 per layer per token)
jobs                    : 5760000 of 7682304 (+ 1524480 chunks skipped: activation digit plane all zero)
requests written        : 5760048 (48 of them retransmits under nonces from 0x20000000)
receipts verified (tag) : 5754002/5760000 under node 0x5452494e
rows bit-exact          : 101706/101824  (int8 activations from the model's own forward pass)
transport               : retransmitted jobs 48 (ceiling 256), resyncs 3 (ceiling 32), lost 72, unverified 0, foreign frames 0, late answers 0, bytes skipped while scanning 11
  event  call 145: resync (short read, 11 bytes): 11 bytes collected, 24 in flight
  event  call 145: nonce 0x0058cc92 (job 16850) had no verifiable answer by the end of a resync; job queued again
  event  call 145: nonce 0x0058cc93 (job 16851) had no verifiable answer by the end of a resync; job queued again
  event  call 145: nonce 0x0058cc94 (job 16852) had no verifiable answer by the end of a resync; job queued again
  event  call 145: nonce 0x0058cc95 (job 16853) had no verifiable answer by the end of a resync; job queued again
  event  call 145: nonce 0x0058cc96 (job 16854) had no verifiable answer by the end of a resync; job queued again
  event  call 145: nonce 0x0058cc97 (job 16855) had no verifiable answer by the end of a resync; job queued again
  event  call 145: nonce 0x0058cc98 (job 16856) had no verifiable answer by the end of a resync; job queued again
  event  call 145: nonce 0x0058cc99 (job 16857) had no verifiable answer by the end of a resync; job queued again
  event  call 145: nonce 0x0058cc9a (job 16858) had no verifiable answer by the end of a resync; job queued again
  event  call 145: nonce 0x0058cc9b (job 16859) had no verifiable answer by the end of a resync; job queued again
  event  call 145: nonce 0x0058cc9c (job 16860) had no verifiable answer by the end of a resync; job queued again
  event  call 145: nonce 0x0058cc9d (job 16861) had no verifiable answer by the end of a resync; job queued again
  event  call 145: nonce 0x0058cc9e (job 16862) had no verifiable answer by the end of a resync; job queued again
  event  call 145: nonce 0x0058cc9f (job 16863) had no verifiable answer by the end of a resync; job queued again
  event  call 145: nonce 0x0058cca0 (job 16864) had no verifiable answer by the end of a resync; job queued again
  event  call 145: nonce 0x0058cca1 (job 16865) had no verifiable answer by the end of a resync; job queued again
  event  call 145: nonce 0x0058cca2 (job 16866) had no verifiable answer by the end of a resync; job queued again
  event  call 145: nonce 0x0058cca3 (job 16867) had no verifiable answer by the end of a resync; job queued again
  event  call 145: nonce 0x0058cca4 (job 16868) had no verifiable answer by the end of a resync; job queued again
  event  call 145: nonce 0x0058cca5 (job 16869) had no verifiable answer by the end of a resync; job queued again
  event  call 145: nonce 0x0058cca6 (job 16870) had no verifiable answer by the end of a resync; job queued again
  event  call 145: nonce 0x0058cca7 (job 16871) had no verifiable answer by the end of a resync; job queued again
  event  call 145: nonce 0x0058cca8 (job 16872) had no verifiable answer by the end of a resync; job queued again
  event  call 145: nonce 0x0058cca9 (job 16873) had no verifiable answer by the end of a resync; job queued again
  event  call 145: resync (short read, 0 bytes): 0 bytes collected, 24 in flight
  event  call 145: nonce 0x20000000 (job 16873) had no verifiable answer by the end of a resync; job queued again
  event  call 145: nonce 0x20000001 (job 16872) had no verifiable answer by the end of a resync; job queued again
  event  call 145: nonce 0x20000002 (job 16871) had no verifiable answer by the end of a resync; job queued again
  event  call 145: nonce 0x20000003 (job 16870) had no verifiable answer by the end of a resync; job queued again
  event  call 145: nonce 0x20000004 (job 16869) had no verifiable answer by the end of a resync; job queued again
  event  call 145: nonce 0x20000005 (job 16868) had no verifiable answer by the end of a resync; job queued again
  event  call 145: nonce 0x20000006 (job 16867) had no verifiable answer by the end of a resync; job queued again
  event  call 145: nonce 0x20000007 (job 16866) had no verifiable answer by the end of a resync; job queued again
  event  call 145: nonce 0x20000008 (job 16865) had no verifiable answer by the end of a resync; job queued again
  event  call 145: nonce 0x20000009 (job 16864) had no verifiable answer by the end of a resync; job queued again
  event  call 145: nonce 0x2000000a (job 16863) had no verifiable answer by the end of a resync; job queued again
  event  call 145: nonce 0x2000000b (job 16862) had no verifiable answer by the end of a resync; job queued again
  event  call 145: nonce 0x2000000c (job 16861) had no verifiable answer by the end of a resync; job queued again
  event  call 145: nonce 0x2000000d (job 16860) had no verifiable answer by the end of a resync; job queued again
  event  call 145: nonce 0x2000000e (job 16859) had no verifiable answer by the end of a resync; job queued again
  event  call 145: nonce 0x2000000f (job 16858) had no verifiable answer by the end of a resync; job queued again
  event  call 145: nonce 0x20000010 (job 16857) had no verifiable answer by the end of a resync; job queued again
  event  call 145: nonce 0x20000011 (job 16856) had no verifiable answer by the end of a resync; job queued again
  event  call 145: nonce 0x20000012 (job 16855) had no verifiable answer by the end of a resync; job queued again
  event  call 145: nonce 0x20000013 (job 16854) had no verifiable answer by the end of a resync; job queued again
  event  call 145: nonce 0x20000014 (job 16853) had no verifiable answer by the end of a resync; job queued again
  event  call 145: nonce 0x20000015 (job 16852) had no verifiable answer by the end of a resync; job queued again
  event  call 145: nonce 0x20000016 (job 16851) had no verifiable answer by the end of a resync; job queued again
  event  call 145: nonce 0x20000017 (job 16850) had no verifiable answer by the end of a resync; job queued again
  event  call 145: resync (short read, 0 bytes): 0 bytes collected, 24 in flight
  event  call 145: nonce 0x20000018 (job 16850) had no verifiable answer by the end of a resync; job queued again
  event  call 145: nonce 0x20000019 (job 16851) had no verifiable answer by the end of a resync; job queued again
  event  call 145: nonce 0x2000001a (job 16852) had no verifiable answer by the end of a resync; job queued again
  event  call 145: nonce 0x2000001b (job 16853) had no verifiable answer by the end of a resync; job queued again
  event  call 145: nonce 0x2000001c (job 16854) had no verifiable answer by the end of a resync; job queued again
  event  call 145: nonce 0x2000001d (job 16855) had no verifiable answer by the end of a resync; job queued again
  event  call 145: nonce 0x2000001e (job 16856) had no verifiable answer by the end of a resync; job queued again
  event  call 145: nonce 0x2000001f (job 16857) had no verifiable answer by the end of a resync; job queued again
  event  call 145: nonce 0x20000020 (job 16858) had no verifiable answer by the end of a resync; job queued again
  event  call 145: nonce 0x20000021 (job 16859) had no verifiable answer by the end of a resync; job queued again
  event  call 145: nonce 0x20000022 (job 16860) had no verifiable answer by the end of a resync; job queued again
  event  call 145: nonce 0x20000023 (job 16861) had no verifiable answer by the end of a resync; job queued again
  event  call 145: nonce 0x20000024 (job 16862) had no verifiable answer by the end of a resync; job queued again
elapsed                 : 1241.5 s of 3600 (4638 answers/s in run())
longest host pause      : 4020.9 ms
------------------------------------------------------------------
RESULT: FAIL - t6 L0/qkv: rejected {'exhausted': 1, 'missing': 5998}. No token from this run is cited.
real 1241.83
user 250.19
sys 62.42
# exit=1
# end 2026-09-27T15:58:03Z
