# start 2026-09-27T16:02:30Z
# usb HUB ['0x110000']
# usb clients 91 {'BrowserOS neo': 1, 'FwUpdateManagerd': 90}
# cmd python3 -u tern_tc_layer_ax7203.py --mats wk --layers 0 --act int8 --n_x 1 --setkey --port /dev/cu.usbserial-110 --baud 1144744 --keys ../trinet-keys.txt --model /Users/playra/igla-coder-gpu/c_infer/model.bin
# limit 120 s
model.bin: 1 matrices, 64 rows, 20480 ternary weights (58.7% nonzero)
jobs: 3840 (32-trit chunks x 1 x-vectors x 6 digit planes)
setkey: node 0x5452494e already holds a key (0x03); receipts below will show whether it is ours
  [ok ] L0/wk         64/64     rows bit-exact
------------------------------------------------------------------
jobs sent               : 3840 of 3840 planned (window 24)
receipts verified (tag) : 3840/3840 under node 0x5452494e
rejected                : none
rows bit-exact          : 64/64  (activations: int8)
elapsed                 : 0.83 s (4647 answers/s)
longest host pause      : 3.2 ms (after 2575 answers)
------------------------------------------------------------------
RESULT: every row above computed on the AX7203 bit-exact against the
        int8-weight oracle, and every receipt verified under the key.
real 0.95
user 0.18
sys 0.04
# exit=0
# end 2026-09-27T16:02:31Z
