e3_rx_capture_model: 2026-09-28T00:21:02Z (UTC, time.gmtime); spec specs/trinet/e3_rx_capture_model_ax7203.t27 2ebd8cf59239ff25
start: load average 9.49 6.10 7.28 on 8 cpus
pinned files:
  ok   /Users/playra/trinity-fpga/specs/trinet/e3_rx_capture_model_ax7203.t27 2ebd8cf59239ff25
  ok   /Users/playra/trinity-fpga/conformance/e3_rx_capture_model.py c751d2d0f16305a8
  ok   /Users/playra/trinity-fpga/conformance/e3_tx_hold_model.py fbb01db6e9c5b2c9
  ok   /tmp/e3txhold/e3z.sdf b429acfb8b371e32
  ok   /tmp/e3txhold/node_routed.json 125e1ba6dc210edf
  ok   /tmp/e3txhold/node.fasm 95809a97d96c563e
sdf: 13392 interconnects, 9453 cell arcs, 4393 cells, 3718 checked pins; read 1.9 s, checks 1.7 s, netlist 0.2 s
clock: all 9 flip-flops from u_rxc_bufg; RXC input buffer -> I0 2296.0 ps, BUFG I0 -> O 200.0 ps; rxd_n and rxctl_n on the falling edge, rxd_p1 rising
x (data change from its RXC edge at the pads): -2500 .. +500 ps, nominal -1200
rxd_n[0]   mid-nibble: C   3680.0  D   1194.0  Delta   2486.0  Tsu  100.0 Th  100.0 ps; setup  17886.0 >= 1000; hold  10914.0 >= 1000
rxd_n[1]   mid-nibble: C   3680.0  D   1247.0  Delta   2433.0  Tsu  100.0 Th  100.0 ps; setup  17833.0 >= 1000; hold  10967.0 >= 1000
rxd_n[2]   mid-nibble: C   3680.0  D   1290.0  Delta   2390.0  Tsu  100.0 Th  100.0 ps; setup  17790.0 >= 1000; hold  11010.0 >= 1000
rxd_n[3]   mid-nibble: C   3680.0  D   1293.0  Delta   2387.0  Tsu  100.0 Th  100.0 ps; setup  17787.0 >= 1000; hold  11013.0 >= 1000
rxctl_n    mid-nibble: C   3680.0  D   1180.0  Delta   2500.0  Tsu  100.0 Th  100.0 ps; setup  17900.0 >= 1000; hold  10900.0 >= 1000
rxd_p1[0]  at the rising edge: C   3680.0  D   1246.0  Delta   2434.0 ps; new for x <= 2334.0, old for x >= 2534.0; over the range new, at nominal new
rxd_p1[1]  at the rising edge: C   3680.0  D   1209.0  Delta   2471.0 ps; new for x <= 2371.0, old for x >= 2571.0; over the range new, at nominal new
rxd_p1[2]  at the rising edge: C   3680.0  D   1394.0  Delta   2286.0 ps; new for x <= 2186.0, old for x >= 2386.0; over the range new, at nominal new
rxd_p1[3]  at the rising edge: C   3680.0  D   1393.0  Delta   2287.0 ps; new for x <= 2187.0, old for x >= 2387.0; over the range new, at nominal new
rxctl_n    at the rising edge: C   3680.0  D   1180.0  Delta   2500.0 ps; new for x <= 2400.0, old for x >= 2600.0; over the range new, at nominal new
rxctl_n    at an RX_ER nibble's falling-edge change: new for x <= 2400.0, old for x >= 2600.0; over the range new, at nominal new
guess (information only): verdict PASS; ed over the range undetermined, at nominal new; RX_ER over the range undetermined, at nominal new
model (information only): ed over the range new, at nominal new; RX_ER over the range new, at nominal new
smallest mid-nibble margin 10900.0 ps on rxctl_n
end: load average 9.93 6.25 7.33 on 8 cpus
VERDICT: PASS
