# start 2026-09-28T11:13:43Z
# load 4.4 5.4 6.3 on 8 cpus
# cmd python3 -u tern_tc_generate_reopen_long_ax7203.py --refcell
# rehearsal (no board)
spec specs/trinet/tern_tc_reopen_long_ax7203.t27 sha256 cc5a949140240993; reopen 4bfd81b3ae1974a3, protocol eda9f8bced1a0f25, harness 8a9a5f6ef57fdad6, node RTL 920a0842dbdaec9f (pins checked)
model ~/igla-coder-gpu/c_infer/model.bin: 6 layers, d 320, ff 864, vocab 8192
preflight (CPU integer path): ids 1 3 204 276 405 659 85 1516 278 320 306 317 445 779 317 85 1516 740 306 317 705 779 317 85 1516 740 306 317 705 779 317 85; jobs 30762752, skipped 7944448, rows 540672, calls 768, smallest logit margin 0.0241
rehearsal losses: answer stream [(19008, 16), (137468535, 56), (57000000, 19)], request stream [120000010, 144000023]; stalls: answer stream at 109326049, request stream at 48000005
  t0 L0/qkv        jobs   23296  skipped   3584  receipts   23296/23296   rows   448/448      1.3 s
  t0 L0/wo         jobs   17600  skipped   1600  receipts   17600/17600   rows   320/320      1.0 s
  t0 L0/gate+up    jobs   88128  skipped  15552  receipts   88128/88128   rows  1728/1728     5.1 s
  t0 L0/down       jobs   39360  skipped  12480  receipts   39360/39360   rows   320/320      2.3 s
  t0 L1/qkv        jobs   22848  skipped   4032  receipts   22848/22848   rows   448/448      1.3 s
  t0 L1/wo         jobs   17600  skipped   1600  receipts   17600/17600   rows   320/320      1.0 s
  t0 L1/gate+up    jobs   89856  skipped  13824  receipts   89856/89856   rows  1728/1728     5.3 s
  t0 L1/down       jobs   27840  skipped  24000  receipts   27840/27840   rows   320/320      1.6 s
  t0 L2/qkv        jobs   23296  skipped   3584  receipts   23296/23296   rows   448/448      1.4 s
  t0 L2/wo         jobs   17600  skipped   1600  receipts   17600/17600   rows   320/320      1.1 s
  t0 L2/gate+up    jobs   88128  skipped  15552  receipts   88128/88128   rows  1728/1728     5.3 s
  t0 L2/down       jobs   30080  skipped  21760  receipts   30080/30080   rows   320/320      1.8 s
  t0 L3/qkv        jobs   22848  skipped   4032  receipts   22848/22848   rows   448/448      1.4 s
  t0 L3/wo         jobs   17600  skipped   1600  receipts   17600/17600   rows   320/320      1.1 s
  t0 L3/gate+up    jobs   88128  skipped  15552  receipts   88128/88128   rows  1728/1728     5.4 s
  t0 L3/down       jobs   28480  skipped  23360  receipts   28480/28480   rows   320/320      1.7 s
  t0 L4/qkv        jobs   23296  skipped   3584  receipts   23296/23296   rows   448/448      1.4 s
  t0 L4/wo         jobs   17600  skipped   1600  receipts   17600/17600   rows   320/320      1.1 s
  t0 L4/gate+up    jobs   88128  skipped  15552  receipts   88128/88128   rows  1728/1728     5.4 s
  t0 L4/down       jobs   35520  skipped  16320  receipts   35520/35520   rows   320/320      2.2 s
  t0 L5/qkv        jobs   23296  skipped   3584  receipts   23296/23296   rows   448/448      1.4 s
  t0 L5/wo         jobs   17600  skipped   1600  receipts   17600/17600   rows   320/320      1.1 s
  t0 L5/gate+up    jobs   88128  skipped  15552  receipts   88128/88128   rows  1728/1728     5.1 s
  t0 L5/down       jobs   38080  skipped  13760  receipts   38080/38080   rows   320/320      2.2 s
token 0: id 1  (58.0 s)
  t1 L0/qkv        jobs   22848  skipped   4032  receipts   22848/22848   rows   448/448      1.3 s
  t1 L0/wo         jobs   16320  skipped   2880  receipts   16320/16320   rows   320/320      0.9 s
  t1 L0/gate+up    jobs   88128  skipped  15552  receipts   88128/88128   rows  1728/1728     5.2 s
  t1 L0/down       jobs   35840  skipped  16000  receipts   35840/35840   rows   320/320      2.1 s
  t1 L1/qkv        jobs   22848  skipped   4032  receipts   22848/22848   rows   448/448      1.3 s
  t1 L1/wo         jobs   16640  skipped   2560  receipts   16640/16640   rows   320/320      1.0 s
  t1 L1/gate+up    jobs   88128  skipped  15552  receipts   88128/88128   rows  1728/1728     5.1 s
  t1 L1/down       jobs   36800  skipped  15040  receipts   36800/36800   rows   320/320      2.1 s
  t1 L2/qkv        jobs   22848  skipped   4032  receipts   22848/22848   rows   448/448      1.3 s
  t1 L2/wo         jobs   17280  skipped   1920  receipts   17280/17280   rows   320/320      1.0 s
  t1 L2/gate+up    jobs   88128  skipped  15552  receipts   88128/88128   rows  1728/1728     5.2 s
  t1 L2/down       jobs   30400  skipped  21440  receipts   30400/30400   rows   320/320      1.8 s
  t1 L3/qkv        jobs   22848  skipped   4032  receipts   22848/22848   rows   448/448      1.3 s
  t1 L3/wo         jobs   17280  skipped   1920  receipts   17280/17280   rows   320/320      1.0 s
  t1 L3/gate+up    jobs   89856  skipped  13824  receipts   89856/89856   rows  1728/1728     5.1 s
  t1 L3/down       jobs   36480  skipped  15360  receipts   36480/36480   rows   320/320      2.1 s
  t1 L4/qkv        jobs   22848  skipped   4032  receipts   22848/22848   rows   448/448      1.3 s
  t1 L4/wo         jobs   16640  skipped   2560  receipts   16640/16640   rows   320/320      1.0 s
  t1 L4/gate+up    jobs   88128  skipped  15552  receipts   88128/88128   rows  1728/1728     5.1 s
  t1 L4/down       jobs   30720  skipped  21120  receipts   30720/30720   rows   320/320      1.8 s
  t1 L5/qkv        jobs   22848  skipped   4032  receipts   22848/22848   rows   448/448      1.3 s
  t1 L5/wo         jobs   16960  skipped   2240  receipts   16960/16960   rows   320/320      1.0 s
  t1 L5/gate+up    jobs   89856  skipped  13824  receipts   89856/89856   rows  1728/1728     5.1 s
  t1 L5/down       jobs   35840  skipped  16000  receipts   35840/35840   rows   320/320      2.1 s
token 1: id 3  (56.8 s)
  t2 L0/qkv        jobs   22848  skipped   4032  receipts   22848/22848   rows   448/448      1.3 s
  t2 L0/wo         jobs   17280  skipped   1920  receipts   17280/17280   rows   320/320      1.0 s
  reopen 1: flush 3 after 0 bytes since the last flush; port closed, 2 s, opened again (0.00 s)
  t2 L0/gate+up    jobs   88128  skipped  15552  receipts   88128/88128   rows  1728/1728     5.2 s
  t2 L0/down       jobs   30080  skipped  21760  receipts   30080/30080   rows   320/320      1.7 s
  t2 L1/qkv        jobs   21056  skipped   5824  receipts   21056/21056   rows   448/448      1.2 s
  t2 L1/wo         jobs   16320  skipped   2880  receipts   16320/16320   rows   320/320      0.9 s
  t2 L1/gate+up    jobs   88128  skipped  15552  receipts   88128/88128   rows  1728/1728     5.0 s
  t2 L1/down       jobs   25920  skipped  25920  receipts   25920/25920   rows   320/320      1.5 s
  t2 L2/qkv        jobs   23296  skipped   3584  receipts   23296/23296   rows   448/448      1.3 s
  t2 L2/wo         jobs   16320  skipped   2880  receipts   16320/16320   rows   320/320      0.9 s
  t2 L2/gate+up    jobs   88128  skipped  15552  receipts   88128/88128   rows  1728/1728     5.1 s
  t2 L2/down       jobs   24000  skipped  27840  receipts   24000/24000   rows   320/320      1.4 s
  t2 L3/qkv        jobs   21952  skipped   4928  receipts   21952/21952   rows   448/448      1.3 s
  t2 L3/wo         jobs   16320  skipped   2880  receipts   16320/16320   rows   320/320      1.0 s
  t2 L3/gate+up    jobs   88128  skipped  15552  receipts   88128/88128   rows  1728/1728     5.0 s
  t2 L3/down       jobs   27520  skipped  24320  receipts   27520/27520   rows   320/320      1.6 s
  t2 L4/qkv        jobs   23296  skipped   3584  receipts   23296/23296   rows   448/448      1.4 s
  t2 L4/wo         jobs   16640  skipped   2560  receipts   16640/16640   rows   320/320      1.0 s
  t2 L4/gate+up    jobs   88128  skipped  15552  receipts   88128/88128   rows  1728/1728     5.2 s
  t2 L4/down       jobs   32000  skipped  19840  receipts   32000/32000   rows   320/320      1.9 s
  t2 L5/qkv        jobs   22848  skipped   4032  receipts   22848/22848   rows   448/448      1.3 s
  t2 L5/wo         jobs   16960  skipped   2240  receipts   16960/16960   rows   320/320      1.0 s
  t2 L5/gate+up    jobs   88128  skipped  15552  receipts   88128/88128   rows  1728/1728     5.0 s
  t2 L5/down       jobs   28800  skipped  23040  receipts   28800/28800   rows   320/320      1.7 s
token 2: id 204  (54.1 s)
  t3 L0/qkv        jobs   23296  skipped   3584  receipts   23296/23296   rows   448/448      1.3 s
  t3 L0/wo         jobs   16320  skipped   2880  receipts   16320/16320   rows   320/320      0.9 s
  t3 L0/gate+up    jobs   89856  skipped  13824  receipts   89856/89856   rows  1728/1728     5.0 s
  t3 L0/down       jobs   28800  skipped  23040  receipts   28800/28800   rows   320/320      1.6 s
  t3 L1/qkv        jobs   18816  skipped   8064  receipts   18816/18816   rows   448/448      1.1 s
  t3 L1/wo         jobs   16320  skipped   2880  receipts   16320/16320   rows   320/320      1.0 s
  t3 L1/gate+up    jobs   88128  skipped  15552  receipts   88128/88128   rows  1728/1728     5.1 s
  t3 L1/down       jobs   33600  skipped  18240  receipts   33600/33600   rows   320/320      2.0 s
  t3 L2/qkv        jobs   22400  skipped   4480  receipts   22400/22400   rows   448/448      1.3 s
  t3 L2/wo         jobs   16320  skipped   2880  receipts   16320/16320   rows   320/320      1.0 s
  t3 L2/gate+up    jobs   88128  skipped  15552  receipts   88128/88128   rows  1728/1728     5.3 s
  t3 L2/down       jobs   37120  skipped  14720  receipts   37120/37120   rows   320/320      2.2 s
  t3 L3/qkv        jobs   19264  skipped   7616  receipts   19264/19264   rows   448/448      1.1 s
  t3 L3/wo         jobs   16640  skipped   2560  receipts   16640/16640   rows   320/320      1.0 s
  t3 L3/gate+up    jobs   88128  skipped  15552  receipts   88128/88128   rows  1728/1728     5.2 s
  t3 L3/down       jobs   31680  skipped  20160  receipts   31680/31680   rows   320/320      1.8 s
  t3 L4/qkv        jobs   22848  skipped   4032  receipts   22848/22848   rows   448/448      1.4 s
  t3 L4/wo         jobs   16640  skipped   2560  receipts   16640/16640   rows   320/320      1.0 s
  t3 L4/gate+up    jobs   91584  skipped  12096  receipts   91584/91584   rows  1728/1728     5.5 s
  t3 L4/down       jobs   25920  skipped  25920  receipts   25920/25920   rows   320/320      1.5 s
  t3 L5/qkv        jobs   22848  skipped   4032  receipts   22848/22848   rows   448/448      1.4 s
  t3 L5/wo         jobs   16960  skipped   2240  receipts   16960/16960   rows   320/320      1.0 s
  t3 L5/gate+up    jobs   88128  skipped  15552  receipts   88128/88128   rows  1728/1728     5.2 s
  t3 L5/down       jobs   34560  skipped  17280  receipts   34560/34560   rows   320/320      1.9 s
token 3: id 276  (55.6 s)
  t4 L0/qkv        jobs   22848  skipped   4032  receipts   22848/22848   rows   448/448      1.2 s
  t4 L0/wo         jobs   16320  skipped   2880  receipts   16320/16320   rows   320/320      0.9 s
  t4 L0/gate+up    jobs   89856  skipped  13824  receipts   89856/89856   rows  1728/1728     4.9 s
  t4 L0/down       jobs   26880  skipped  24960  receipts   26880/26880   rows   320/320      1.4 s
  t4 L1/qkv        jobs   19264  skipped   7616  receipts   19264/19264   rows   448/448      1.0 s
  t4 L1/wo         jobs   16320  skipped   2880  receipts   16320/16320   rows   320/320      0.9 s
  t4 L1/gate+up    jobs   88128  skipped  15552  receipts   88128/88128   rows  1728/1728     4.8 s
  t4 L1/down       jobs   30400  skipped  21440  receipts   30400/30400   rows   320/320      1.7 s
  t4 L2/qkv        jobs   20608  skipped   6272  receipts   20608/20608   rows   448/448      1.2 s
  t4 L2/wo         jobs   16320  skipped   2880  receipts   16320/16320   rows   320/320      0.9 s
  t4 L2/gate+up    jobs   88128  skipped  15552  receipts   88128/88128   rows  1728/1728     4.8 s
  t4 L2/down       jobs   28480  skipped  23360  receipts   28480/28480   rows   320/320      1.6 s
  t4 L3/qkv        jobs   19264  skipped   7616  receipts   19264/19264   rows   448/448      1.1 s
  t4 L3/wo         jobs   16320  skipped   2880  receipts   16320/16320   rows   320/320      0.9 s
  t4 L3/gate+up    jobs   88128  skipped  15552  receipts   88128/88128   rows  1728/1728     4.9 s
  t4 L3/down       jobs   28160  skipped  23680  receipts   28160/28160   rows   320/320      1.5 s
  t4 L4/qkv        jobs   23296  skipped   3584  receipts   23296/23296   rows   448/448      1.3 s
  t4 L4/wo         jobs   16320  skipped   2880  receipts   16320/16320   rows   320/320      0.9 s
  t4 L4/gate+up    jobs   88128  skipped  15552  receipts   88128/88128   rows  1728/1728     4.9 s
  t4 L4/down       jobs   35520  skipped  16320  receipts   35520/35520   rows   320/320      2.0 s
  t4 L5/qkv        jobs   22848  skipped   4032  receipts   22848/22848   rows   448/448      1.3 s
  t4 L5/wo         jobs   16320  skipped   2880  receipts   16320/16320   rows   320/320      0.9 s
  t4 L5/gate+up    jobs   88128  skipped  15552  receipts   88128/88128   rows  1728/1728     5.0 s
  t4 L5/down       jobs   36800  skipped  15040  receipts   36800/36800   rows   320/320      2.0 s
token 4: id 405  (52.1 s)
  t5 L0/qkv        jobs   22848  skipped   4032  receipts   22848/22848   rows   448/448      1.3 s
  t5 L0/wo         jobs   16640  skipped   2560  receipts   16640/16640   rows   320/320      0.9 s
  t5 L0/gate+up    jobs   88128  skipped  15552  receipts   88128/88128   rows  1728/1728     4.9 s
  t5 L0/down       jobs   28480  skipped  23360  receipts   28480/28480   rows   320/320      1.6 s
  t5 L1/qkv        jobs   21504  skipped   5376  receipts   21504/21504   rows   448/448      1.2 s
  t5 L1/wo         jobs   16960  skipped   2240  receipts   16960/16960   rows   320/320      0.9 s
  t5 L1/gate+up    jobs   89856  skipped  13824  receipts   89856/89856   rows  1728/1728     4.9 s
  t5 L1/down       jobs   30400  skipped  21440  receipts   30400/30400   rows   320/320      1.6 s
  t5 L2/qkv        jobs   22848  skipped   4032  receipts   22848/22848   rows   448/448      1.2 s
  t5 L2/wo         jobs   16960  skipped   2240  receipts   16960/16960   rows   320/320      1.0 s
  t5 L2/gate+up    jobs   88128  skipped  15552  receipts   88128/88128   rows  1728/1728     4.9 s
  t5 L2/down       jobs   28480  skipped  23360  receipts   28480/28480   rows   320/320      1.6 s
  t5 L3/qkv        jobs   19712  skipped   7168  receipts   19712/19712   rows   448/448      1.1 s
  t5 L3/wo         jobs   16960  skipped   2240  receipts   16960/16960   rows   320/320      0.9 s
  t5 L3/gate+up    jobs   88128  skipped  15552  receipts   88128/88128   rows  1728/1728     4.9 s
  t5 L3/down       jobs   35200  skipped  16640  receipts   35200/35200   rows   320/320      2.0 s
  t5 L4/qkv        jobs   22848  skipped   4032  receipts   22848/22848   rows   448/448      1.3 s
  t5 L4/wo         jobs   16960  skipped   2240  receipts   16960/16960   rows   320/320      0.9 s
  t5 L4/gate+up    jobs   88128  skipped  15552  receipts   88128/88128   rows  1728/1728     4.9 s
  t5 L4/down       jobs   32960  skipped  18880  receipts   32960/32960   rows   320/320      1.8 s
  t5 L5/qkv        jobs   22848  skipped   4032  receipts   22848/22848   rows   448/448      1.3 s
  t5 L5/wo         jobs   16640  skipped   2560  receipts   16640/16640   rows   320/320      0.9 s
  t5 L5/gate+up    jobs   89856  skipped  13824  receipts   89856/89856   rows  1728/1728     4.9 s
  t5 L5/down       jobs   35520  skipped  16320  receipts   35520/35520   rows   320/320      1.9 s
token 5: id 659  (53.0 s)
  reopen 2: flush 6 after 0 bytes since the last flush; port closed, 4 s, opened again (0.00 s)
  t6 L0/qkv        jobs   22848  skipped   4032  receipts   22848/22848   rows   448/448      1.3 s
  t6 L0/wo         jobs   16640  skipped   2560  receipts   16640/16640   rows   320/320      0.9 s
  t6 L0/gate+up    jobs   88128  skipped  15552  receipts   88128/88128   rows  1728/1728     4.9 s
  t6 L0/down       jobs   32640  skipped  19200  receipts   32640/32640   rows   320/320      1.8 s
  t6 L1/qkv        jobs   21952  skipped   4928  receipts   21952/21952   rows   448/448      1.2 s
  t6 L1/wo         jobs   16640  skipped   2560  receipts   16640/16640   rows   320/320      0.9 s
  t6 L1/gate+up    jobs   88128  skipped  15552  receipts   88128/88128   rows  1728/1728     4.7 s
  t6 L1/down       jobs   32320  skipped  19520  receipts   32320/32320   rows   320/320      1.7 s
  t6 L2/qkv        jobs   22848  skipped   4032  receipts   22848/22848   rows   448/448      1.3 s
  t6 L2/wo         jobs   16320  skipped   2880  receipts   16320/16320   rows   320/320      0.9 s
  t6 L2/gate+up    jobs   89856  skipped  13824  receipts   89856/89856   rows  1728/1728     4.9 s
  t6 L2/down       jobs   29760  skipped  22080  receipts   29760/29760   rows   320/320      1.6 s
  t6 L3/qkv        jobs   21056  skipped   5824  receipts   21056/21056   rows   448/448      1.2 s
  t6 L3/wo         jobs   16640  skipped   2560  receipts   16640/16640   rows   320/320      0.9 s
  t6 L3/gate+up    jobs   88128  skipped  15552  receipts   88128/88128   rows  1728/1728     4.7 s
  t6 L3/down       jobs   38080  skipped  13760  receipts   38080/38080   rows   320/320      2.0 s
  t6 L4/qkv        jobs   22848  skipped   4032  receipts   22848/22848   rows   448/448      1.3 s
  t6 L4/wo         jobs   16320  skipped   2880  receipts   16320/16320   rows   320/320      0.9 s
  t6 L4/gate+up    jobs   88128  skipped  15552  receipts   88128/88128   rows  1728/1728     4.9 s
  t6 L4/down       jobs   39360  skipped  12480  receipts   39360/39360   rows   320/320      2.2 s
  t6 L5/qkv        jobs   22848  skipped   4032  receipts   22848/22848   rows   448/448      1.3 s
  t6 L5/wo         jobs   16320  skipped   2880  receipts   16320/16320   rows   320/320      0.9 s
  t6 L5/gate+up    jobs   88128  skipped  15552  receipts   88128/88128   rows  1728/1728     4.9 s
  t6 L5/down       jobs   40000  skipped  11840  receipts   40000/40000   rows   320/320      2.2 s
token 6: id 85  (53.6 s)
  t7 L0/qkv        jobs   22848  skipped   4032  receipts   22848/22848   rows   448/448      1.3 s
  t7 L0/wo         jobs   16640  skipped   2560  receipts   16640/16640   rows   320/320      0.9 s
  t7 L0/gate+up    jobs   88128  skipped  15552  receipts   88128/88128   rows  1728/1728     4.9 s
  t7 L0/down       jobs   32640  skipped  19200  receipts   32640/32640   rows   320/320      1.8 s
  t7 L1/qkv        jobs   22848  skipped   4032  receipts   22848/22848   rows   448/448      1.3 s
  t7 L1/wo         jobs   16640  skipped   2560  receipts   16640/16640   rows   320/320      0.9 s
  t7 L1/gate+up    jobs   88128  skipped  15552  receipts   88128/88128   rows  1728/1728     4.9 s
  t7 L1/down       jobs   33280  skipped  18560  receipts   33280/33280   rows   320/320      1.8 s
  t7 L2/qkv        jobs   22848  skipped   4032  receipts   22848/22848   rows   448/448      1.2 s
  t7 L2/wo         jobs   16960  skipped   2240  receipts   16960/16960   rows   320/320      0.9 s
  t7 L2/gate+up    jobs   88128  skipped  15552  receipts   88128/88128   rows  1728/1728     4.9 s
  t7 L2/down       jobs   31680  skipped  20160  receipts   31680/31680   rows   320/320      1.8 s
  t7 L3/qkv        jobs   22848  skipped   4032  receipts   22848/22848   rows   448/448      1.3 s
  t7 L3/wo         jobs   16320  skipped   2880  receipts   16320/16320   rows   320/320      0.9 s
  t7 L3/gate+up    jobs   88128  skipped  15552  receipts   88128/88128   rows  1728/1728     4.9 s
  t7 L3/down       jobs   31360  skipped  20480  receipts   31360/31360   rows   320/320      1.7 s
  t7 L4/qkv        jobs   22848  skipped   4032  receipts   22848/22848   rows   448/448      1.3 s
  t7 L4/wo         jobs   16640  skipped   2560  receipts   16640/16640   rows   320/320      1.0 s
  t7 L4/gate+up    jobs   89856  skipped  13824  receipts   89856/89856   rows  1728/1728     4.9 s
  t7 L4/down       jobs   37760  skipped  14080  receipts   37760/37760   rows   320/320      2.1 s
  t7 L5/qkv        jobs   22400  skipped   4480  receipts   22400/22400   rows   448/448      1.2 s
  t7 L5/wo         jobs   16320  skipped   2880  receipts   16320/16320   rows   320/320      0.9 s
  t7 L5/gate+up    jobs   88128  skipped  15552  receipts   88128/88128   rows  1728/1728     4.9 s
  t7 L5/down       jobs   35840  skipped  16000  receipts   35840/35840   rows   320/320      2.0 s
token 7: id 1516  (53.7 s)
  t8 L0/qkv        jobs   22848  skipped   4032  receipts   22848/22848   rows   448/448      1.3 s
  t8 L0/wo         jobs   16640  skipped   2560  receipts   16640/16640   rows   320/320      0.9 s
  t8 L0/gate+up    jobs   88128  skipped  15552  receipts   88128/88128   rows  1728/1728     4.9 s
  t8 L0/down       jobs   39040  skipped  12800  receipts   39040/39040   rows   320/320      2.1 s
  t8 L1/qkv        jobs   22848  skipped   4032  receipts   22848/22848   rows   448/448      1.2 s
  t8 L1/wo         jobs   16640  skipped   2560  receipts   16640/16640   rows   320/320      0.9 s
  t8 L1/gate+up    jobs   89856  skipped  13824  receipts   89856/89856   rows  1728/1728     4.9 s
  t8 L1/down       jobs   34880  skipped  16960  receipts   34880/34880   rows   320/320      1.9 s
  t8 L2/qkv        jobs   22848  skipped   4032  receipts   22848/22848   rows   448/448      1.3 s
  t8 L2/wo         jobs   16320  skipped   2880  receipts   16320/16320   rows   320/320      1.0 s
  t8 L2/gate+up    jobs   89856  skipped  13824  receipts   89856/89856   rows  1728/1728     5.0 s
  t8 L2/down       jobs   31040  skipped  20800  receipts   31040/31040   rows   320/320      1.7 s
  t8 L3/qkv        jobs   22848  skipped   4032  receipts   22848/22848   rows   448/448      1.2 s
  t8 L3/wo         jobs   17280  skipped   1920  receipts   17280/17280   rows   320/320      1.0 s
  t8 L3/gate+up    jobs   91584  skipped  12096  receipts   91584/91584   rows  1728/1728     5.0 s
  t8 L3/down       jobs   33920  skipped  17920  receipts   33920/33920   rows   320/320      1.9 s
  t8 L4/qkv        jobs   23296  skipped   3584  receipts   23296/23296   rows   448/448      1.3 s
  t8 L4/wo         jobs   16960  skipped   2240  receipts   16960/16960   rows   320/320      0.9 s
  t8 L4/gate+up    jobs   88128  skipped  15552  receipts   88128/88128   rows  1728/1728     4.9 s
  t8 L4/down       jobs   37760  skipped  14080  receipts   37760/37760   rows   320/320      2.1 s
  t8 L5/qkv        jobs   23296  skipped   3584  receipts   23296/23296   rows   448/448      1.3 s
  t8 L5/wo         jobs   16640  skipped   2560  receipts   16640/16640   rows   320/320      0.9 s
  t8 L5/gate+up    jobs   88128  skipped  15552  receipts   88128/88128   rows  1728/1728     4.8 s
  t8 L5/down       jobs   34880  skipped  16960  receipts   34880/34880   rows   320/320      1.9 s
token 8: id 278  (54.4 s)
  t9 L0/qkv        jobs   24192  skipped   2688  receipts   24192/24192   rows   448/448      1.3 s
  t9 L0/wo         jobs   16320  skipped   2880  receipts   16320/16320   rows   320/320      0.9 s
  t9 L0/gate+up    jobs   88128  skipped  15552  receipts   88128/88128   rows  1728/1728     4.9 s
  t9 L0/down       jobs   24000  skipped  27840  receipts   24000/24000   rows   320/320      1.3 s
  t9 L1/qkv        jobs   18816  skipped   8064  receipts   18816/18816   rows   448/448      1.0 s
  t9 L1/wo         jobs   16640  skipped   2560  receipts   16640/16640   rows   320/320      0.9 s
  t9 L1/gate+up    jobs   89856  skipped  13824  receipts   89856/89856   rows  1728/1728     5.0 s
  t9 L1/down       jobs   27200  skipped  24640  receipts   27200/27200   rows   320/320      1.5 s
  t9 L2/qkv        jobs   21504  skipped   5376  receipts   21504/21504   rows   448/448      1.2 s
  t9 L2/wo         jobs   16640  skipped   2560  receipts   16640/16640   rows   320/320      0.9 s
  t9 L2/gate+up    jobs   88128  skipped  15552  receipts   88128/88128   rows  1728/1728     4.8 s
  t9 L2/down       jobs   28480  skipped  23360  receipts   28480/28480   rows   320/320      1.6 s
  t9 L3/qkv        jobs   18816  skipped   8064  receipts   18816/18816   rows   448/448      1.1 s
  t9 L3/wo         jobs   16320  skipped   2880  receipts   16320/16320   rows   320/320      0.9 s
  t9 L3/gate+up    jobs   89856  skipped  13824  receipts   89856/89856   rows  1728/1728     5.0 s
  t9 L3/down       jobs   39680  skipped  12160  receipts   39680/39680   rows   320/320      2.2 s
  t9 L4/qkv        jobs   21504  skipped   5376  receipts   21504/21504   rows   448/448      1.2 s
  t9 L4/wo         jobs   16640  skipped   2560  receipts   16640/16640   rows   320/320      0.9 s
  t9 L4/gate+up    jobs   88128  skipped  15552  receipts   88128/88128   rows  1728/1728     4.8 s
  t9 L4/down       jobs   34240  skipped  17600  receipts   34240/34240   rows   320/320      1.9 s
  t9 L5/qkv        jobs   22848  skipped   4032  receipts   22848/22848   rows   448/448      1.2 s
  t9 L5/wo         jobs   16320  skipped   2880  receipts   16320/16320   rows   320/320      0.9 s
  t9 L5/gate+up    jobs   88128  skipped  15552  receipts   88128/88128   rows  1728/1728     4.9 s
  t9 L5/down       jobs   37440  skipped  14400  receipts   37440/37440   rows   320/320      2.0 s
token 9: id 320  (52.4 s)
  t10 L0/qkv       jobs   22400  skipped   4480  receipts   22400/22400   rows   448/448      1.2 s
  t10 L0/wo        jobs   16960  skipped   2240  receipts   16960/16960   rows   320/320      0.9 s
  t10 L0/gate+up   jobs   88128  skipped  15552  receipts   88128/88128   rows  1728/1728     4.9 s
  t10 L0/down      jobs   30400  skipped  21440  receipts   30400/30400   rows   320/320      1.7 s
  t10 L1/qkv       jobs   18816  skipped   8064  receipts   18816/18816   rows   448/448      1.0 s
  t10 L1/wo        jobs   16320  skipped   2880  receipts   16320/16320   rows   320/320      0.9 s
  t10 L1/gate+up   jobs   88128  skipped  15552  receipts   88128/88128   rows  1728/1728     4.8 s
  t10 L1/down      jobs   32000  skipped  19840  receipts   32000/32000   rows   320/320      1.7 s
  t10 L2/qkv       jobs   21952  skipped   4928  receipts   21952/21952   rows   448/448      1.3 s
  t10 L2/wo        jobs   16320  skipped   2880  receipts   16320/16320   rows   320/320      0.9 s
  t10 L2/gate+up   jobs   91584  skipped  12096  receipts   91584/91584   rows  1728/1728     4.9 s
  t10 L2/down      jobs   36160  skipped  15680  receipts   36160/36160   rows   320/320      2.0 s
  t10 L3/qkv       jobs   19712  skipped   7168  receipts   19712/19712   rows   448/448      1.1 s
  t10 L3/wo        jobs   16960  skipped   2240  receipts   16960/16960   rows   320/320      0.9 s
  t10 L3/gate+up   jobs   88128  skipped  15552  receipts   88128/88128   rows  1728/1728     4.8 s
  t10 L3/down      jobs   31360  skipped  20480  receipts   31360/31360   rows   320/320      1.8 s
  t10 L4/qkv       jobs   22848  skipped   4032  receipts   22848/22848   rows   448/448      1.3 s
  t10 L4/wo        jobs   16960  skipped   2240  receipts   16960/16960   rows   320/320      0.9 s
  t10 L4/gate+up   jobs   89856  skipped  13824  receipts   89856/89856   rows  1728/1728     4.9 s
  t10 L4/down      jobs   34880  skipped  16960  receipts   34880/34880   rows   320/320      1.9 s
  t10 L5/qkv       jobs   22848  skipped   4032  receipts   22848/22848   rows   448/448      1.3 s
  t10 L5/wo        jobs   16320  skipped   2880  receipts   16320/16320   rows   320/320      0.9 s
  t10 L5/gate+up   jobs   89856  skipped  13824  receipts   89856/89856   rows  1728/1728     5.0 s
  t10 L5/down      jobs   34560  skipped  17280  receipts   34560/34560   rows   320/320      1.9 s
token 10: id 306  (53.0 s)
  t11 L0/qkv       jobs   22848  skipped   4032  receipts   22848/22848   rows   448/448      1.2 s
  t11 L0/wo        jobs   16320  skipped   2880  receipts   16320/16320   rows   320/320      0.9 s
  t11 L0/gate+up   jobs   88128  skipped  15552  receipts   88128/88128   rows  1728/1728     4.9 s
  t11 L0/down      jobs   31360  skipped  20480  receipts   31360/31360   rows   320/320      1.7 s
  t11 L1/qkv       jobs   19264  skipped   7616  receipts   19264/19264   rows   448/448      1.1 s
  t11 L1/wo        jobs   16320  skipped   2880  receipts   16320/16320   rows   320/320      0.9 s
  t11 L1/gate+up   jobs   89856  skipped  13824  receipts   89856/89856   rows  1728/1728     4.9 s
  t11 L1/down      jobs   32640  skipped  19200  receipts   32640/32640   rows   320/320      1.8 s
  t11 L2/qkv       jobs   21952  skipped   4928  receipts   21952/21952   rows   448/448      1.2 s
  t11 L2/wo        jobs   16640  skipped   2560  receipts   16640/16640   rows   320/320      0.9 s
  t11 L2/gate+up   jobs   88128  skipped  15552  receipts   88128/88128   rows  1728/1728     4.9 s
  t11 L2/down      jobs   31680  skipped  20160  receipts   31680/31680   rows   320/320      1.7 s
  t11 L3/qkv       jobs   19264  skipped   7616  receipts   19264/19264   rows   448/448      1.1 s
  t11 L3/wo        jobs   16320  skipped   2880  receipts   16320/16320   rows   320/320      0.9 s
  t11 L3/gate+up   jobs   88128  skipped  15552  receipts   88128/88128   rows  1728/1728     4.8 s
  t11 L3/down      jobs   35200  skipped  16640  receipts   35200/35200   rows   320/320      1.9 s
  t11 L4/qkv       jobs   21952  skipped   4928  receipts   21952/21952   rows   448/448      1.2 s
  t11 L4/wo        jobs   16640  skipped   2560  receipts   16640/16640   rows   320/320      0.9 s
  t11 L4/gate+up   jobs   88128  skipped  15552  receipts   88128/88128   rows  1728/1728     5.0 s
  t11 L4/down      jobs   35200  skipped  16640  receipts   35200/35200   rows   320/320      2.0 s
  t11 L5/qkv       jobs   22848  skipped   4032  receipts   22848/22848   rows   448/448      1.3 s
  t11 L5/wo        jobs   16640  skipped   2560  receipts   16640/16640   rows   320/320      0.9 s
  t11 L5/gate+up   jobs   88128  skipped  15552  receipts   88128/88128   rows  1728/1728     4.9 s
  t11 L5/down      jobs   39680  skipped  12160  receipts   39680/39680   rows   320/320      2.2 s
token 11: id 317  (53.3 s)
  t12 L0/qkv       jobs   22848  skipped   4032  receipts   22848/22848   rows   448/448      1.3 s
  t12 L0/wo        jobs   16000  skipped   3200  receipts   16000/16000   rows   320/320      0.9 s
  t12 L0/gate+up   jobs   88128  skipped  15552  receipts   88128/88128   rows  1728/1728     4.8 s
  t12 L0/down      jobs   24000  skipped  27840  receipts   24000/24000   rows   320/320      1.3 s
  t12 L1/qkv       jobs   20160  skipped   6720  receipts   20160/20160   rows   448/448      1.1 s
  t12 L1/wo        jobs   16320  skipped   2880  receipts   16320/16320   rows   320/320      0.9 s
  t12 L1/gate+up   jobs   88128  skipped  15552  receipts   88128/88128   rows  1728/1728     4.9 s
  t12 L1/down      jobs   30720  skipped  21120  receipts   30720/30720   rows   320/320      1.7 s
  t12 L2/qkv       jobs   21056  skipped   5824  receipts   21056/21056   rows   448/448      1.2 s
  t12 L2/wo        jobs   16320  skipped   2880  receipts   16320/16320   rows   320/320      0.9 s
  t12 L2/gate+up   jobs   89856  skipped  13824  receipts   89856/89856   rows  1728/1728     4.9 s
  t12 L2/down      jobs   32960  skipped  18880  receipts   32960/32960   rows   320/320      1.8 s
  t12 L3/qkv       jobs   18816  skipped   8064  receipts   18816/18816   rows   448/448      1.0 s
  t12 L3/wo        jobs   16320  skipped   2880  receipts   16320/16320   rows   320/320      1.0 s
  t12 L3/gate+up   jobs   88128  skipped  15552  receipts   88128/88128   rows  1728/1728     5.3 s
  t12 L3/down      jobs   31680  skipped  20160  receipts   31680/31680   rows   320/320      1.9 s
  t12 L4/qkv       jobs   22848  skipped   4032  receipts   22848/22848   rows   448/448      1.4 s
  t12 L4/wo        jobs   16640  skipped   2560  receipts   16640/16640   rows   320/320      1.0 s
  t12 L4/gate+up   jobs   88128  skipped  15552  receipts   88128/88128   rows  1728/1728     5.1 s
  t12 L4/down      jobs   35200  skipped  16640  receipts   35200/35200   rows   320/320      2.1 s
  t12 L5/qkv       jobs   22848  skipped   4032  receipts   22848/22848   rows   448/448      1.4 s
  t12 L5/wo        jobs   16000  skipped   3200  receipts   16000/16000   rows   320/320      0.9 s
  t12 L5/gate+up   jobs   89856  skipped  13824  receipts   89856/89856   rows  1728/1728     5.2 s
  t12 L5/down      jobs   40320  skipped  11520  receipts   40320/40320   rows   320/320      2.3 s
token 12: id 445  (54.3 s)
  t13 L0/qkv       jobs   22848  skipped   4032  receipts   22848/22848   rows   448/448      1.4 s
  t13 L0/wo        jobs   16640  skipped   2560  receipts   16640/16640   rows   320/320      1.0 s
  t13 L0/gate+up   jobs   88128  skipped  15552  receipts   88128/88128   rows  1728/1728     5.1 s
  t13 L0/down      jobs   37120  skipped  14720  receipts   37120/37120   rows   320/320      2.0 s
  t13 L1/qkv       jobs   23296  skipped   3584  receipts   23296/23296   rows   448/448      1.3 s
  t13 L1/wo        jobs   16640  skipped   2560  receipts   16640/16640   rows   320/320      0.9 s
  t13 L1/gate+up   jobs   88128  skipped  15552  receipts   88128/88128   rows  1728/1728     4.9 s
  t13 L1/down      jobs   29120  skipped  22720  receipts   29120/29120   rows   320/320      1.6 s
  t13 L2/qkv       jobs   22848  skipped   4032  receipts   22848/22848   rows   448/448      1.3 s
  t13 L2/wo        jobs   16640  skipped   2560  receipts   16640/16640   rows   320/320      0.9 s
  t13 L2/gate+up   jobs   89856  skipped  13824  receipts   89856/89856   rows  1728/1728     5.0 s
  t13 L2/down      jobs   35520  skipped  16320  receipts   35520/35520   rows   320/320      2.0 s
  t13 L3/qkv       jobs   22848  skipped   4032  receipts   22848/22848   rows   448/448      1.2 s
  t13 L3/wo        jobs   16320  skipped   2880  receipts   16320/16320   rows   320/320      0.9 s
  t13 L3/gate+up   jobs   93312  skipped  10368  receipts   93312/93312   rows  1728/1728     5.2 s
  t13 L3/down      jobs   33280  skipped  18560  receipts   33280/33280   rows   320/320      1.8 s
  t13 L4/qkv       jobs   22848  skipped   4032  receipts   22848/22848   rows   448/448      1.3 s
  t13 L4/wo        jobs   16320  skipped   2880  receipts   16320/16320   rows   320/320      0.9 s
  t13 L4/gate+up   jobs   88128  skipped  15552  receipts   88128/88128   rows  1728/1728     5.0 s
  t13 L4/down      jobs   37440  skipped  14400  receipts   37440/37440   rows   320/320      2.1 s
  t13 L5/qkv       jobs   23296  skipped   3584  receipts   23296/23296   rows   448/448      1.3 s
  t13 L5/wo        jobs   16960  skipped   2240  receipts   16960/16960   rows   320/320      0.9 s
  t13 L5/gate+up   jobs   88128  skipped  15552  receipts   88128/88128   rows  1728/1728     4.8 s
  t13 L5/down      jobs   36800  skipped  15040  receipts   36800/36800   rows   320/320      2.1 s
token 13: id 779  (55.1 s)
  t14 L0/qkv       jobs   22848  skipped   4032  receipts   22848/22848   rows   448/448      1.3 s
  t14 L0/wo        jobs   16320  skipped   2880  receipts   16320/16320   rows   320/320      0.9 s
  t14 L0/gate+up   jobs   88128  skipped  15552  receipts   88128/88128   rows  1728/1728     5.0 s
  t14 L0/down      jobs   34880  skipped  16960  receipts   34880/34880   rows   320/320      2.0 s
  t14 L1/qkv       jobs   19712  skipped   7168  receipts   19712/19712   rows   448/448      1.1 s
  t14 L1/wo        jobs   16640  skipped   2560  receipts   16640/16640   rows   320/320      0.9 s
  t14 L1/gate+up   jobs   89856  skipped  13824  receipts   89856/89856   rows  1728/1728     5.0 s
  t14 L1/down      jobs   28480  skipped  23360  receipts   28480/28480   rows   320/320      1.6 s
  t14 L2/qkv       jobs   20608  skipped   6272  receipts   20608/20608   rows   448/448      1.2 s
  t14 L2/wo        jobs   16640  skipped   2560  receipts   16640/16640   rows   320/320      0.9 s
  t14 L2/gate+up   jobs   88128  skipped  15552  receipts   88128/88128   rows  1728/1728     4.9 s
  t14 L2/down      jobs   33280  skipped  18560  receipts   33280/33280   rows   320/320      1.9 s
  t14 L3/qkv       jobs   19264  skipped   7616  receipts   19264/19264   rows   448/448      1.1 s
  t14 L3/wo        jobs   16960  skipped   2240  receipts   16960/16960   rows   320/320      1.0 s
  t14 L3/gate+up   jobs   89856  skipped  13824  receipts   89856/89856   rows  1728/1728     5.1 s
  t14 L3/down      jobs   36800  skipped  15040  receipts   36800/36800   rows   320/320      2.0 s
  t14 L4/qkv       jobs   22848  skipped   4032  receipts   22848/22848   rows   448/448      1.2 s
  t14 L4/wo        jobs   16640  skipped   2560  receipts   16640/16640   rows   320/320      0.9 s
  t14 L4/gate+up   jobs   89856  skipped  13824  receipts   89856/89856   rows  1728/1728     5.0 s
  t14 L4/down      jobs   38080  skipped  13760  receipts   38080/38080   rows   320/320      2.1 s
  t14 L5/qkv       jobs   22848  skipped   4032  receipts   22848/22848   rows   448/448      1.3 s
  t14 L5/wo        jobs   16000  skipped   3200  receipts   16000/16000   rows   320/320      0.9 s
  t14 L5/gate+up   jobs   91584  skipped  12096  receipts   91584/91584   rows  1728/1728     5.2 s
  t14 L5/down      jobs   41280  skipped  10560  receipts   41280/41280   rows   320/320      2.3 s
token 14: id 317  (54.8 s)
  t15 L0/qkv       jobs   22848  skipped   4032  receipts   22848/22848   rows   448/448      1.3 s
  t15 L0/wo        jobs   16000  skipped   3200  receipts   16000/16000   rows   320/320      0.9 s
  t15 L0/gate+up   jobs   89856  skipped  13824  receipts   89856/89856   rows  1728/1728     5.0 s
  t15 L0/down      jobs   24960  skipped  26880  receipts   24960/24960   rows   320/320      1.4 s
  t15 L1/qkv       jobs   20608  skipped   6272  receipts   20608/20608   rows   448/448      1.2 s
  t15 L1/wo        jobs   16320  skipped   2880  receipts   16320/16320   rows   320/320      0.9 s
  t15 L1/gate+up   jobs   88128  skipped  15552  receipts   88128/88128   rows  1728/1728     4.9 s
  t15 L1/down      jobs   29120  skipped  22720  receipts   29120/29120   rows   320/320      1.7 s
  t15 L2/qkv       jobs   22400  skipped   4480  receipts   22400/22400   rows   448/448      1.3 s
  t15 L2/wo        jobs   16320  skipped   2880  receipts   16320/16320   rows   320/320      0.9 s
  t15 L2/gate+up   jobs   88128  skipped  15552  receipts   88128/88128   rows  1728/1728     4.9 s
  t15 L2/down      jobs   33920  skipped  17920  receipts   33920/33920   rows   320/320      1.9 s
  t15 L3/qkv       jobs   20160  skipped   6720  receipts   20160/20160   rows   448/448      1.1 s
  t15 L3/wo        jobs   16320  skipped   2880  receipts   16320/16320   rows   320/320      0.9 s
  t15 L3/gate+up   jobs   88128  skipped  15552  receipts   88128/88128   rows  1728/1728     4.9 s
  t15 L3/down      jobs   35520  skipped  16320  receipts   35520/35520   rows   320/320      2.0 s
  t15 L4/qkv       jobs   22848  skipped   4032  receipts   22848/22848   rows   448/448      1.3 s
  t15 L4/wo        jobs   16640  skipped   2560  receipts   16640/16640   rows   320/320      0.9 s
  t15 L4/gate+up   jobs   88128  skipped  15552  receipts   88128/88128   rows  1728/1728     5.0 s
  t15 L4/down      jobs   39360  skipped  12480  receipts   39360/39360   rows   320/320      2.2 s
  t15 L5/qkv       jobs   22848  skipped   4032  receipts   22848/22848   rows   448/448      1.3 s
  t15 L5/wo        jobs   14720  skipped   4480  receipts   14720/14720   rows   320/320      0.8 s
  t15 L5/gate+up   jobs   86400  skipped  17280  receipts   86400/86400   rows  1728/1728     4.8 s
  t15 L5/down      jobs   40320  skipped  11520  receipts   40320/40320   rows   320/320      2.2 s
token 15: id 85  (53.6 s)
  t16 L0/qkv       jobs   22848  skipped   4032  receipts   22848/22848   rows   448/448      1.3 s
  t16 L0/wo        jobs   16960  skipped   2240  receipts   16960/16960   rows   320/320      1.0 s
  t16 L0/gate+up   jobs   89856  skipped  13824  receipts   89856/89856   rows  1728/1728     5.0 s
  t16 L0/down      jobs   29760  skipped  22080  receipts   29760/29760   rows   320/320      1.7 s
  t16 L1/qkv       jobs   22848  skipped   4032  receipts   22848/22848   rows   448/448      1.3 s
  t16 L1/wo        jobs   16320  skipped   2880  receipts   16320/16320   rows   320/320      0.9 s
  t16 L1/gate+up   jobs   93312  skipped  10368  receipts   93312/93312   rows  1728/1728     5.2 s
  t16 L1/down      jobs   27520  skipped  24320  receipts   27520/27520   rows   320/320      1.5 s
  t16 L2/qkv       jobs   22848  skipped   4032  receipts   22848/22848   rows   448/448      1.3 s
  t16 L2/wo        jobs   16640  skipped   2560  receipts   16640/16640   rows   320/320      0.9 s
  t16 L2/gate+up   jobs   88128  skipped  15552  receipts   88128/88128   rows  1728/1728     4.9 s
  t16 L2/down      jobs   30080  skipped  21760  receipts   30080/30080   rows   320/320      1.7 s
  t16 L3/qkv       jobs   22848  skipped   4032  receipts   22848/22848   rows   448/448      1.3 s
  t16 L3/wo        jobs   16960  skipped   2240  receipts   16960/16960   rows   320/320      1.0 s
  t16 L3/gate+up   jobs   88128  skipped  15552  receipts   88128/88128   rows  1728/1728     5.0 s
  t16 L3/down      jobs   31680  skipped  20160  receipts   31680/31680   rows   320/320      1.8 s
  t16 L4/qkv       jobs   23296  skipped   3584  receipts   23296/23296   rows   448/448      1.4 s
  t16 L4/wo        jobs   16640  skipped   2560  receipts   16640/16640   rows   320/320      1.0 s
  t16 L4/gate+up   jobs   88128  skipped  15552  receipts   88128/88128   rows  1728/1728     5.0 s
  t16 L4/down      jobs   38720  skipped  13120  receipts   38720/38720   rows   320/320      2.1 s
  t16 L5/qkv       jobs   23296  skipped   3584  receipts   23296/23296   rows   448/448      1.3 s
  t16 L5/wo        jobs   15680  skipped   3520  receipts   15680/15680   rows   320/320      0.9 s
  t16 L5/gate+up   jobs   88128  skipped  15552  receipts   88128/88128   rows  1728/1728     4.9 s
  t16 L5/down      jobs   37760  skipped  14080  receipts   37760/37760   rows   320/320      2.1 s
token 16: id 1516  (54.4 s)
  t17 L0/qkv       jobs   22848  skipped   4032  receipts   22848/22848   rows   448/448      1.3 s
  t17 L0/wo        jobs   16960  skipped   2240  receipts   16960/16960   rows   320/320      0.9 s
  t17 L0/gate+up   jobs   89856  skipped  13824  receipts   89856/89856   rows  1728/1728     5.0 s
  t17 L0/down      jobs   38400  skipped  13440  receipts   38400/38400   rows   320/320      2.2 s
  t17 L1/qkv       jobs   22848  skipped   4032  receipts   22848/22848   rows   448/448      1.3 s
  t17 L1/wo        jobs   16640  skipped   2560  receipts   16640/16640   rows   320/320      0.9 s
  t17 L1/gate+up   jobs   88128  skipped  15552  receipts   88128/88128   rows  1728/1728     4.9 s
  t17 L1/down      jobs   27520  skipped  24320  receipts   27520/27520   rows   320/320      1.5 s
  t17 L2/qkv       jobs   22848  skipped   4032  receipts   22848/22848   rows   448/448      1.3 s
  t17 L2/wo        jobs   16640  skipped   2560  receipts   16640/16640   rows   320/320      0.9 s
  t17 L2/gate+up   jobs   88128  skipped  15552  receipts   88128/88128   rows  1728/1728     5.0 s
  t17 L2/down      jobs   24000  skipped  27840  receipts   24000/24000   rows   320/320      1.5 s
  t17 L3/qkv       jobs   22848  skipped   4032  receipts   22848/22848   rows   448/448      1.3 s
  t17 L3/wo        jobs   16320  skipped   2880  receipts   16320/16320   rows   320/320      0.9 s
  t17 L3/gate+up   jobs   88128  skipped  15552  receipts   88128/88128   rows  1728/1728     5.3 s
  t17 L3/down      jobs   34560  skipped  17280  receipts   34560/34560   rows   320/320      2.4 s
  t17 L4/qkv       jobs   22848  skipped   4032  receipts   22848/22848   rows   448/448      1.4 s
  t17 L4/wo        jobs   16640  skipped   2560  receipts   16640/16640   rows   320/320      1.0 s
  t17 L4/gate+up   jobs   88128  skipped  15552  receipts   88128/88128   rows  1728/1728     6.1 s
  t17 L4/down      jobs   40000  skipped  11840  receipts   40000/40000   rows   320/320      3.1 s
  t17 L5/qkv       jobs   22848  skipped   4032  receipts   22848/22848   rows   448/448      1.5 s
  t17 L5/wo        jobs   15680  skipped   3520  receipts   15680/15680   rows   320/320      1.1 s
  t17 L5/gate+up   jobs   88128  skipped  15552  receipts   88128/88128   rows  1728/1728     6.1 s
  t17 L5/down      jobs   37760  skipped  14080  receipts   37760/37760   rows   320/320      2.4 s
token 17: id 740  (59.5 s)
  t18 L0/qkv       jobs   22848  skipped   4032  receipts   22848/22848   rows   448/448      1.4 s
  t18 L0/wo        jobs   16320  skipped   2880  receipts   16320/16320   rows   320/320      1.0 s
  t18 L0/gate+up   jobs   88128  skipped  15552  receipts   88128/88128   rows  1728/1728     5.5 s
  t18 L0/down      jobs   29440  skipped  22400  receipts   29440/29440   rows   320/320      1.8 s
  t18 L1/qkv       jobs   18816  skipped   8064  receipts   18816/18816   rows   448/448      1.1 s
  t18 L1/wo        jobs   16320  skipped   2880  receipts   16320/16320   rows   320/320      1.0 s
  t18 L1/gate+up   jobs   89856  skipped  13824  receipts   89856/89856   rows  1728/1728     5.6 s
  t18 L1/down      jobs   37120  skipped  14720  receipts   37120/37120   rows   320/320      2.4 s
  t18 L2/qkv       jobs   21056  skipped   5824  receipts   21056/21056   rows   448/448      1.3 s
  t18 L2/wo        jobs   16640  skipped   2560  receipts   16640/16640   rows   320/320      1.0 s
  t18 L2/gate+up   jobs   88128  skipped  15552  receipts   88128/88128   rows  1728/1728     6.1 s
  t18 L2/down      jobs   28480  skipped  23360  receipts   28480/28480   rows   320/320      1.8 s
  t18 L3/qkv       jobs   19264  skipped   7616  receipts   19264/19264   rows   448/448      1.2 s
  t18 L3/wo        jobs   16640  skipped   2560  receipts   16640/16640   rows   320/320      1.0 s
  t18 L3/gate+up   jobs   88128  skipped  15552  receipts   88128/88128   rows  1728/1728     5.5 s
  t18 L3/down      jobs   32960  skipped  18880  receipts   32960/32960   rows   320/320      2.0 s
  t18 L4/qkv       jobs   21056  skipped   5824  receipts   21056/21056   rows   448/448      1.4 s
  t18 L4/wo        jobs   16640  skipped   2560  receipts   16640/16640   rows   320/320      1.0 s
  t18 L4/gate+up   jobs   88128  skipped  15552  receipts   88128/88128   rows  1728/1728     5.2 s
  t18 L4/down      jobs   39040  skipped  12800  receipts   39040/39040   rows   320/320      2.4 s
  t18 L5/qkv       jobs   22848  skipped   4032  receipts   22848/22848   rows   448/448      1.4 s
  t18 L5/wo        jobs   16320  skipped   2880  receipts   16320/16320   rows   320/320      1.0 s
  t18 L5/gate+up   jobs   89856  skipped  13824  receipts   89856/89856   rows  1728/1728     5.4 s
  t18 L5/down      jobs   32960  skipped  18880  receipts   32960/32960   rows   320/320      2.0 s
token 18: id 306  (59.5 s)
  t19 L0/qkv       jobs   22848  skipped   4032  receipts   22848/22848   rows   448/448      1.4 s
  t19 L0/wo        jobs   16640  skipped   2560  receipts   16640/16640   rows   320/320      1.0 s
  t19 L0/gate+up   jobs   88128  skipped  15552  receipts   88128/88128   rows  1728/1728     5.1 s
  t19 L0/down      jobs   28800  skipped  23040  receipts   28800/28800   rows   320/320      1.7 s
  t19 L1/qkv       jobs   18816  skipped   8064  receipts   18816/18816   rows   448/448      1.1 s
  t19 L1/wo        jobs   16320  skipped   2880  receipts   16320/16320   rows   320/320      1.0 s
  t19 L1/gate+up   jobs   88128  skipped  15552  receipts   88128/88128   rows  1728/1728     5.3 s
  t19 L1/down      jobs   34240  skipped  17600  receipts   34240/34240   rows   320/320      2.0 s
  t19 L2/qkv       jobs   22400  skipped   4480  receipts   22400/22400   rows   448/448      1.3 s
  t19 L2/wo        jobs   16320  skipped   2880  receipts   16320/16320   rows   320/320      1.0 s
  t19 L2/gate+up   jobs   88128  skipped  15552  receipts   88128/88128   rows  1728/1728     5.6 s
  t19 L2/down      jobs   27840  skipped  24000  receipts   27840/27840   rows   320/320      1.6 s
  t19 L3/qkv       jobs   19264  skipped   7616  receipts   19264/19264   rows   448/448      1.1 s
  t19 L3/wo        jobs   16320  skipped   2880  receipts   16320/16320   rows   320/320      1.0 s
  t19 L3/gate+up   jobs   88128  skipped  15552  receipts   88128/88128   rows  1728/1728     5.3 s
  t19 L3/down      jobs   37440  skipped  14400  receipts   37440/37440   rows   320/320      2.2 s
  t19 L4/qkv       jobs   22848  skipped   4032  receipts   22848/22848   rows   448/448      1.4 s
  t19 L4/wo        jobs   16320  skipped   2880  receipts   16320/16320   rows   320/320      1.0 s
  t19 L4/gate+up   jobs   88128  skipped  15552  receipts   88128/88128   rows  1728/1728     5.5 s
  t19 L4/down      jobs   32320  skipped  19520  receipts   32320/32320   rows   320/320      1.9 s
  t19 L5/qkv       jobs   22848  skipped   4032  receipts   22848/22848   rows   448/448      1.3 s
  t19 L5/wo        jobs   16320  skipped   2880  receipts   16320/16320   rows   320/320      0.9 s
  t19 L5/gate+up   jobs   89856  skipped  13824  receipts   89856/89856   rows  1728/1728     5.1 s
  t19 L5/down      jobs   36160  skipped  15680  receipts   36160/36160   rows   320/320      2.1 s
token 19: id 317  (56.8 s)
  t20 L0/qkv       jobs   22848  skipped   4032  receipts   22848/22848   rows   448/448      1.3 s
  t20 L0/wo        jobs   16000  skipped   3200  receipts   16000/16000   rows   320/320      0.9 s
  t20 L0/gate+up   jobs   88128  skipped  15552  receipts   88128/88128   rows  1728/1728     5.0 s
  t20 L0/down      jobs   24320  skipped  27520  receipts   24320/24320   rows   320/320      1.4 s
  t20 L1/qkv       jobs   19712  skipped   7168  receipts   19712/19712   rows   448/448      1.1 s
  t20 L1/wo        jobs   16320  skipped   2880  receipts   16320/16320   rows   320/320      0.9 s
  t20 L1/gate+up   jobs   88128  skipped  15552  receipts   88128/88128   rows  1728/1728     5.2 s
  t20 L1/down      jobs   26560  skipped  25280  receipts   26560/26560   rows   320/320      1.6 s
  t20 L2/qkv       jobs   21056  skipped   5824  receipts   21056/21056   rows   448/448      1.2 s
  t20 L2/wo        jobs   16320  skipped   2880  receipts   16320/16320   rows   320/320      1.0 s
  t20 L2/gate+up   jobs   88128  skipped  15552  receipts   88128/88128   rows  1728/1728     5.1 s
  t20 L2/down      jobs   23680  skipped  28160  receipts   23680/23680   rows   320/320      1.4 s
  t20 L3/qkv       jobs   19712  skipped   7168  receipts   19712/19712   rows   448/448      1.1 s
  t20 L3/wo        jobs   16320  skipped   2880  receipts   16320/16320   rows   320/320      0.9 s
  t20 L3/gate+up   jobs   88128  skipped  15552  receipts   88128/88128   rows  1728/1728     5.1 s
  t20 L3/down      jobs   35520  skipped  16320  receipts   35520/35520   rows   320/320      2.0 s
  t20 L4/qkv       jobs   22848  skipped   4032  receipts   22848/22848   rows   448/448      1.3 s
  t20 L4/wo        jobs   16640  skipped   2560  receipts   16640/16640   rows   320/320      0.9 s
  t20 L4/gate+up   jobs   88128  skipped  15552  receipts   88128/88128   rows  1728/1728     5.1 s
  t20 L4/down      jobs   39360  skipped  12480  receipts   39360/39360   rows   320/320      2.2 s
  t20 L5/qkv       jobs   22848  skipped   4032  receipts   22848/22848   rows   448/448      1.3 s
  t20 L5/wo        jobs   16000  skipped   3200  receipts   16000/16000   rows   320/320      0.9 s
  t20 L5/gate+up   jobs   88128  skipped  15552  receipts   88128/88128   rows  1728/1728     5.1 s
  t20 L5/down      jobs   40000  skipped  11840  receipts   40000/40000   rows   320/320      2.3 s
token 20: id 705  (54.5 s)
  t21 L0/qkv       jobs   23296  skipped   3584  receipts   23296/23296   rows   448/448      1.3 s
  t21 L0/wo        jobs   16640  skipped   2560  receipts   16640/16640   rows   320/320      0.9 s
  t21 L0/gate+up   jobs   88128  skipped  15552  receipts   88128/88128   rows  1728/1728     5.1 s
  t21 L0/down      jobs   34880  skipped  16960  receipts   34880/34880   rows   320/320      2.0 s
  t21 L1/qkv       jobs   22848  skipped   4032  receipts   22848/22848   rows   448/448      1.3 s
  t21 L1/wo        jobs   16320  skipped   2880  receipts   16320/16320   rows   320/320      1.0 s
  t21 L1/gate+up   jobs   89856  skipped  13824  receipts   89856/89856   rows  1728/1728     5.5 s
  t21 L1/down      jobs   33280  skipped  18560  receipts   33280/33280   rows   320/320      2.0 s
  t21 L2/qkv       jobs   22848  skipped   4032  receipts   22848/22848   rows   448/448      1.4 s
  t21 L2/wo        jobs   16640  skipped   2560  receipts   16640/16640   rows   320/320      1.0 s
  t21 L2/gate+up   jobs   91584  skipped  12096  receipts   91584/91584   rows  1728/1728     5.6 s
  t21 L2/down      jobs   33280  skipped  18560  receipts   33280/33280   rows   320/320      2.0 s
  t21 L3/qkv       jobs   24192  skipped   2688  receipts   24192/24192   rows   448/448      1.5 s
  t21 L3/wo        jobs   16320  skipped   2880  receipts   16320/16320   rows   320/320      1.0 s
  t21 L3/gate+up   jobs   89856  skipped  13824  receipts   89856/89856   rows  1728/1728     5.5 s
  t21 L3/down      jobs   33920  skipped  17920  receipts   33920/33920   rows   320/320      2.1 s
  t21 L4/qkv       jobs   22848  skipped   4032  receipts   22848/22848   rows   448/448      1.4 s
  t21 L4/wo        jobs   16640  skipped   2560  receipts   16640/16640   rows   320/320      1.0 s
  t21 L4/gate+up   jobs   91584  skipped  12096  receipts   91584/91584   rows  1728/1728     5.5 s
  t21 L4/down      jobs   35520  skipped  16320  receipts   35520/35520   rows   320/320      2.1 s
  t21 L5/qkv       jobs   22848  skipped   4032  receipts   22848/22848   rows   448/448      1.4 s
  t21 L5/wo        jobs   16320  skipped   2880  receipts   16320/16320   rows   320/320      1.0 s
  t21 L5/gate+up   jobs   89856  skipped  13824  receipts   89856/89856   rows  1728/1728     5.5 s
  t21 L5/down      jobs   35840  skipped  16000  receipts   35840/35840   rows   320/320      2.1 s
token 21: id 779  (59.4 s)
  t22 L0/qkv       jobs   22848  skipped   4032  receipts   22848/22848   rows   448/448      1.3 s
  t22 L0/wo        jobs   16640  skipped   2560  receipts   16640/16640   rows   320/320      1.0 s
  t22 L0/gate+up   jobs   89856  skipped  13824  receipts   89856/89856   rows  1728/1728     5.7 s
  t22 L0/down      jobs   32640  skipped  19200  receipts   32640/32640   rows   320/320      2.0 s
  t22 L1/qkv       jobs   20160  skipped   6720  receipts   20160/20160   rows   448/448      1.2 s
  t22 L1/wo        jobs   16320  skipped   2880  receipts   16320/16320   rows   320/320      1.0 s
  t22 L1/gate+up   jobs   91584  skipped  12096  receipts   91584/91584   rows  1728/1728     5.6 s
  t22 L1/down      jobs   27520  skipped  24320  receipts   27520/27520   rows   320/320      1.6 s
  t22 L2/qkv       jobs   21952  skipped   4928  receipts   21952/21952   rows   448/448      1.3 s
  t22 L2/wo        jobs   16960  skipped   2240  receipts   16960/16960   rows   320/320      1.0 s
  t22 L2/gate+up   jobs   88128  skipped  15552  receipts   88128/88128   rows  1728/1728     5.4 s
  t22 L2/down      jobs   32000  skipped  19840  receipts   32000/32000   rows   320/320      2.0 s
  t22 L3/qkv       jobs   18816  skipped   8064  receipts   18816/18816   rows   448/448      1.2 s
  t22 L3/wo        jobs   16320  skipped   2880  receipts   16320/16320   rows   320/320      1.0 s
  t22 L3/gate+up   jobs   88128  skipped  15552  receipts   88128/88128   rows  1728/1728     9.6 s
  t22 L3/down      jobs   35520  skipped  16320  receipts   35520/35520   rows   320/320      2.3 s
  t22 L4/qkv       jobs   22848  skipped   4032  receipts   22848/22848   rows   448/448      1.4 s
  t22 L4/wo        jobs   16640  skipped   2560  receipts   16640/16640   rows   320/320      1.0 s
  t22 L4/gate+up   jobs   88128  skipped  15552  receipts   88128/88128   rows  1728/1728     5.4 s
  t22 L4/down      jobs   38720  skipped  13120  receipts   38720/38720   rows   320/320      2.4 s
  t22 L5/qkv       jobs   22848  skipped   4032  receipts   22848/22848   rows   448/448      1.4 s
  t22 L5/wo        jobs   16640  skipped   2560  receipts   16640/16640   rows   320/320      1.0 s
  t22 L5/gate+up   jobs   89856  skipped  13824  receipts   89856/89856   rows  1728/1728     5.5 s
  t22 L5/down      jobs   37440  skipped  14400  receipts   37440/37440   rows   320/320      2.4 s
token 22: id 317  (63.7 s)
  t23 L0/qkv       jobs   22848  skipped   4032  receipts   22848/22848   rows   448/448      1.4 s
  t23 L0/wo        jobs   16000  skipped   3200  receipts   16000/16000   rows   320/320      1.0 s
  t23 L0/gate+up   jobs   88128  skipped  15552  receipts   88128/88128   rows  1728/1728     5.4 s
  t23 L0/down      jobs   24000  skipped  27840  receipts   24000/24000   rows   320/320      1.5 s
  t23 L1/qkv       jobs   20160  skipped   6720  receipts   20160/20160   rows   448/448      1.2 s
  t23 L1/wo        jobs   16960  skipped   2240  receipts   16960/16960   rows   320/320      1.0 s
  t23 L1/gate+up   jobs   88128  skipped  15552  receipts   88128/88128   rows  1728/1728     5.4 s
  t23 L1/down      jobs   25920  skipped  25920  receipts   25920/25920   rows   320/320      1.7 s
  t23 L2/qkv       jobs   22400  skipped   4480  receipts   22400/22400   rows   448/448      1.4 s
  t23 L2/wo        jobs   16320  skipped   2880  receipts   16320/16320   rows   320/320      1.0 s
  t23 L2/gate+up   jobs   88128  skipped  15552  receipts   88128/88128   rows  1728/1728     5.8 s
  t23 L2/down      jobs   30400  skipped  21440  receipts   30400/30400   rows   320/320      2.0 s
  t23 L3/qkv       jobs   19264  skipped   7616  receipts   19264/19264   rows   448/448      1.3 s
  t23 L3/wo        jobs   16320  skipped   2880  receipts   16320/16320   rows   320/320      1.1 s
  t23 L3/gate+up   jobs   88128  skipped  15552  receipts   88128/88128   rows  1728/1728     5.6 s
  t23 L3/down      jobs   37440  skipped  14400  receipts   37440/37440   rows   320/320      2.3 s
  t23 L4/qkv       jobs   22400  skipped   4480  receipts   22400/22400   rows   448/448      1.4 s
  t23 L4/wo        jobs   16640  skipped   2560  receipts   16640/16640   rows   320/320      1.1 s
  t23 L4/gate+up   jobs   88128  skipped  15552  receipts   88128/88128   rows  1728/1728     5.3 s
  t23 L4/down      jobs   35840  skipped  16000  receipts   35840/35840   rows   320/320      2.2 s
  t23 L5/qkv       jobs   22848  skipped   4032  receipts   22848/22848   rows   448/448      1.4 s
  t23 L5/wo        jobs   14400  skipped   4800  receipts   14400/14400   rows   320/320      0.8 s
  t23 L5/gate+up   jobs   84672  skipped  19008  receipts   84672/84672   rows  1728/1728     5.0 s
  t23 L5/down      jobs   36800  skipped  15040  receipts   36800/36800   rows   320/320      2.1 s
token 23: id 85  (58.6 s)
  t24 L0/qkv       jobs   22848  skipped   4032  receipts   22848/22848   rows   448/448      1.3 s
  t24 L0/wo        jobs   16960  skipped   2240  receipts   16960/16960   rows   320/320      1.0 s
  t24 L0/gate+up   jobs   93312  skipped  10368  receipts   93312/93312   rows  1728/1728     5.3 s
  t24 L0/down      jobs   29440  skipped  22400  receipts   29440/29440   rows   320/320      1.7 s
  t24 L1/qkv       jobs   22848  skipped   4032  receipts   22848/22848   rows   448/448      1.3 s
  t24 L1/wo        jobs   16320  skipped   2880  receipts   16320/16320   rows   320/320      0.9 s
  t24 L1/gate+up   jobs   91584  skipped  12096  receipts   91584/91584   rows  1728/1728     5.4 s
  t24 L1/down      jobs   26880  skipped  24960  receipts   26880/26880   rows   320/320      1.6 s
  t24 L2/qkv       jobs   24192  skipped   2688  receipts   24192/24192   rows   448/448      1.4 s
  t24 L2/wo        jobs   16640  skipped   2560  receipts   16640/16640   rows   320/320      1.0 s
  t24 L2/gate+up   jobs   88128  skipped  15552  receipts   88128/88128   rows  1728/1728     5.3 s
  t24 L2/down      jobs   25920  skipped  25920  receipts   25920/25920   rows   320/320      1.5 s
  t24 L3/qkv       jobs   22848  skipped   4032  receipts   22848/22848   rows   448/448      1.4 s
  t24 L3/wo        jobs   16320  skipped   2880  receipts   16320/16320   rows   320/320      1.0 s
  t24 L3/gate+up   jobs   88128  skipped  15552  receipts   88128/88128   rows  1728/1728     5.3 s
  t24 L3/down      jobs   30720  skipped  21120  receipts   30720/30720   rows   320/320      1.8 s
  t24 L4/qkv       jobs   22848  skipped   4032  receipts   22848/22848   rows   448/448      1.4 s
  t24 L4/wo        jobs   17280  skipped   1920  receipts   17280/17280   rows   320/320      1.0 s
  t24 L4/gate+up   jobs   89856  skipped  13824  receipts   89856/89856   rows  1728/1728     5.4 s
  t24 L4/down      jobs   38080  skipped  13760  receipts   38080/38080   rows   320/320      2.3 s
  t24 L5/qkv       jobs   22848  skipped   4032  receipts   22848/22848   rows   448/448      1.3 s
  t24 L5/wo        jobs   15360  skipped   3840  receipts   15360/15360   rows   320/320      0.9 s
  t24 L5/gate+up   jobs   88128  skipped  15552  receipts   88128/88128   rows  1728/1728     5.3 s
  t24 L5/down      jobs   37120  skipped  14720  receipts   37120/37120   rows   320/320      2.3 s
token 24: id 1516  (57.3 s)
  t25 L0/qkv       jobs   22848  skipped   4032  receipts   22848/22848   rows   448/448      1.4 s
  t25 L0/wo        jobs   16960  skipped   2240  receipts   16960/16960   rows   320/320      1.0 s
  t25 L0/gate+up   jobs   89856  skipped  13824  receipts   89856/89856   rows  1728/1728     5.4 s
  t25 L0/down      jobs   38400  skipped  13440  receipts   38400/38400   rows   320/320      2.3 s
  t25 L1/qkv       jobs   22848  skipped   4032  receipts   22848/22848   rows   448/448      1.4 s
  t25 L1/wo        jobs   16320  skipped   2880  receipts   16320/16320   rows   320/320      1.0 s
  t25 L1/gate+up   jobs   88128  skipped  15552  receipts   88128/88128   rows  1728/1728     5.2 s
  t25 L1/down      jobs   27840  skipped  24000  receipts   27840/27840   rows   320/320      1.6 s
  t25 L2/qkv       jobs   22848  skipped   4032  receipts   22848/22848   rows   448/448      1.3 s
  t25 L2/wo        jobs   16640  skipped   2560  receipts   16640/16640   rows   320/320      1.0 s
  t25 L2/gate+up   jobs   89856  skipped  13824  receipts   89856/89856   rows  1728/1728     5.4 s
  t25 L2/down      jobs   23040  skipped  28800  receipts   23040/23040   rows   320/320      1.4 s
  t25 L3/qkv       jobs   22848  skipped   4032  receipts   22848/22848   rows   448/448      1.4 s
  t25 L3/wo        jobs   16640  skipped   2560  receipts   16640/16640   rows   320/320      1.0 s
  t25 L3/gate+up   jobs   88128  skipped  15552  receipts   88128/88128   rows  1728/1728     5.3 s
  t25 L3/down      jobs   33280  skipped  18560  receipts   33280/33280   rows   320/320      2.0 s
  t25 L4/qkv       jobs   22848  skipped   4032  receipts   22848/22848   rows   448/448      1.4 s
  t25 L4/wo        jobs   16640  skipped   2560  receipts   16640/16640   rows   320/320      1.0 s
  t25 L4/gate+up   jobs   88128  skipped  15552  receipts   88128/88128   rows  1728/1728     5.3 s
  t25 L4/down      jobs   40640  skipped  11200  receipts   40640/40640   rows   320/320      2.4 s
  t25 L5/qkv       jobs   22848  skipped   4032  receipts   22848/22848   rows   448/448      1.4 s
  t25 L5/wo        jobs   16320  skipped   2880  receipts   16320/16320   rows   320/320      1.0 s
  t25 L5/gate+up   jobs   88128  skipped  15552  receipts   88128/88128   rows  1728/1728     5.3 s
  t25 L5/down      jobs   35520  skipped  16320  receipts   35520/35520   rows   320/320      2.1 s
token 25: id 740  (57.8 s)
  t26 L0/qkv       jobs   22848  skipped   4032  receipts   22848/22848   rows   448/448      1.3 s
  t26 L0/wo        jobs   16000  skipped   3200  receipts   16000/16000   rows   320/320      0.9 s
  t26 L0/gate+up   jobs   88128  skipped  15552  receipts   88128/88128   rows  1728/1728     5.0 s
  t26 L0/down      jobs   31040  skipped  20800  receipts   31040/31040   rows   320/320      1.8 s
  t26 L1/qkv       jobs   18816  skipped   8064  receipts   18816/18816   rows   448/448      1.1 s
  t26 L1/wo        jobs   16640  skipped   2560  receipts   16640/16640   rows   320/320      1.0 s
  t26 L1/gate+up   jobs   88128  skipped  15552  receipts   88128/88128   rows  1728/1728     5.2 s
  t26 L1/down      jobs   34240  skipped  17600  receipts   34240/34240   rows   320/320      2.0 s
  t26 L2/qkv       jobs   21504  skipped   5376  receipts   21504/21504   rows   448/448      1.3 s
  t26 L2/wo        jobs   16640  skipped   2560  receipts   16640/16640   rows   320/320      1.0 s
  t26 L2/gate+up   jobs   88128  skipped  15552  receipts   88128/88128   rows  1728/1728     5.4 s
  t26 L2/down      jobs   26560  skipped  25280  receipts   26560/26560   rows   320/320      1.6 s
  t26 L3/qkv       jobs   19264  skipped   7616  receipts   19264/19264   rows   448/448      1.1 s
  t26 L3/wo        jobs   16320  skipped   2880  receipts   16320/16320   rows   320/320      1.0 s
  t26 L3/gate+up   jobs   88128  skipped  15552  receipts   88128/88128   rows  1728/1728     5.6 s
  t26 L3/down      jobs   35200  skipped  16640  receipts   35200/35200   rows   320/320      2.2 s
  t26 L4/qkv       jobs   21504  skipped   5376  receipts   21504/21504   rows   448/448      1.3 s
  t26 L4/wo        jobs   16640  skipped   2560  receipts   16640/16640   rows   320/320      1.0 s
  t26 L4/gate+up   jobs   88128  skipped  15552  receipts   88128/88128   rows  1728/1728     5.6 s
  t26 L4/down      jobs   34560  skipped  17280  receipts   34560/34560   rows   320/320      2.2 s
  t26 L5/qkv       jobs   22848  skipped   4032  receipts   22848/22848   rows   448/448      1.4 s
  t26 L5/wo        jobs   16960  skipped   2240  receipts   16960/16960   rows   320/320      1.1 s
  t26 L5/gate+up   jobs   88128  skipped  15552  receipts   88128/88128   rows  1728/1728     5.6 s
  t26 L5/down      jobs   30720  skipped  21120  receipts   30720/30720   rows   320/320      1.9 s
token 26: id 306  (57.8 s)
  t27 L0/qkv       jobs   22848  skipped   4032  receipts   22848/22848   rows   448/448      1.5 s
  t27 L0/wo        jobs   16640  skipped   2560  receipts   16640/16640   rows   320/320      1.1 s
  t27 L0/gate+up   jobs   88128  skipped  15552  receipts   88128/88128   rows  1728/1728     5.6 s
  t27 L0/down      jobs   31360  skipped  20480  receipts   31360/31360   rows   320/320      2.0 s
  t27 L1/qkv       jobs   18816  skipped   8064  receipts   18816/18816   rows   448/448      1.2 s
  t27 L1/wo        jobs   16320  skipped   2880  receipts   16320/16320   rows   320/320      1.0 s
  t27 L1/gate+up   jobs   88128  skipped  15552  receipts   88128/88128   rows  1728/1728     5.3 s
  t27 L1/down      jobs   33280  skipped  18560  receipts   33280/33280   rows   320/320      2.0 s
  t27 L2/qkv       jobs   22400  skipped   4480  receipts   22400/22400   rows   448/448      1.4 s
  t27 L2/wo        jobs   16320  skipped   2880  receipts   16320/16320   rows   320/320      1.0 s
  t27 L2/gate+up   jobs   88128  skipped  15552  receipts   88128/88128   rows  1728/1728     5.3 s
  t27 L2/down      jobs   26560  skipped  25280  receipts   26560/26560   rows   320/320      1.6 s
  t27 L3/qkv       jobs   18816  skipped   8064  receipts   18816/18816   rows   448/448      1.1 s
  t27 L3/wo        jobs   16320  skipped   2880  receipts   16320/16320   rows   320/320      1.0 s
  t27 L3/gate+up   jobs   88128  skipped  15552  receipts   88128/88128   rows  1728/1728     5.2 s
  t27 L3/down      jobs   37440  skipped  14400  receipts   37440/37440   rows   320/320      2.1 s
  t27 L4/qkv       jobs   22400  skipped   4480  receipts   22400/22400   rows   448/448      1.3 s
  t27 L4/wo        jobs   16320  skipped   2880  receipts   16320/16320   rows   320/320      0.9 s
  t27 L4/gate+up   jobs   89856  skipped  13824  receipts   89856/89856   rows  1728/1728     5.1 s
  t27 L4/down      jobs   34240  skipped  17600  receipts   34240/34240   rows   320/320      1.9 s
  t27 L5/qkv       jobs   23296  skipped   3584  receipts   23296/23296   rows   448/448      1.3 s
  t27 L5/wo        jobs   16000  skipped   3200  receipts   16000/16000   rows   320/320      0.9 s
  t27 L5/gate+up   jobs   89856  skipped  13824  receipts   89856/89856   rows  1728/1728     5.1 s
  t27 L5/down      jobs   35840  skipped  16000  receipts   35840/35840   rows   320/320      2.0 s
token 27: id 317  (56.7 s)
  t28 L0/qkv       jobs   22848  skipped   4032  receipts   22848/22848   rows   448/448      1.3 s
  t28 L0/wo        jobs   16000  skipped   3200  receipts   16000/16000   rows   320/320      0.9 s
  t28 L0/gate+up   jobs   88128  skipped  15552  receipts   88128/88128   rows  1728/1728     5.2 s
  t28 L0/down      jobs   24320  skipped  27520  receipts   24320/24320   rows   320/320      1.8 s
  t28 L1/qkv       jobs   19264  skipped   7616  receipts   19264/19264   rows   448/448      1.3 s
  t28 L1/wo        jobs   16320  skipped   2880  receipts   16320/16320   rows   320/320      1.0 s
  t28 L1/gate+up   jobs   88128  skipped  15552  receipts   88128/88128   rows  1728/1728     5.4 s
  t28 L1/down      jobs   25600  skipped  26240  receipts   25600/25600   rows   320/320      1.5 s
  t28 L2/qkv       jobs   21056  skipped   5824  receipts   21056/21056   rows   448/448      1.5 s
  t28 L2/wo        jobs   16000  skipped   3200  receipts   16000/16000   rows   320/320      1.0 s
  t28 L2/gate+up   jobs   88128  skipped  15552  receipts   88128/88128   rows  1728/1728     5.2 s
  t28 L2/down      jobs   24960  skipped  26880  receipts   24960/24960   rows   320/320      1.4 s
  t28 L3/qkv       jobs   18816  skipped   8064  receipts   18816/18816   rows   448/448      1.1 s
  t28 L3/wo        jobs   16320  skipped   2880  receipts   16320/16320   rows   320/320      1.0 s
  t28 L3/gate+up   jobs   88128  skipped  15552  receipts   88128/88128   rows  1728/1728     5.1 s
  t28 L3/down      jobs   37120  skipped  14720  receipts   37120/37120   rows   320/320      2.1 s
  t28 L4/qkv       jobs   22848  skipped   4032  receipts   22848/22848   rows   448/448      1.4 s
  t28 L4/wo        jobs   16640  skipped   2560  receipts   16640/16640   rows   320/320      1.0 s
  t28 L4/gate+up   jobs   88128  skipped  15552  receipts   88128/88128   rows  1728/1728     5.0 s
  t28 L4/down      jobs   38400  skipped  13440  receipts   38400/38400   rows   320/320      2.2 s
  t28 L5/qkv       jobs   22848  skipped   4032  receipts   22848/22848   rows   448/448      1.3 s
  t28 L5/wo        jobs   15040  skipped   4160  receipts   15040/15040   rows   320/320      0.9 s
  t28 L5/gate+up   jobs   88128  skipped  15552  receipts   88128/88128   rows  1728/1728     5.1 s
  t28 L5/down      jobs   40640  skipped  11200  receipts   40640/40640   rows   320/320      2.3 s
token 28: id 705  (56.0 s)
  t29 L0/qkv       jobs   23296  skipped   3584  receipts   23296/23296   rows   448/448      1.3 s
  t29 L0/wo        jobs   16960  skipped   2240  receipts   16960/16960   rows   320/320      1.0 s
  t29 L0/gate+up   jobs   88128  skipped  15552  receipts   88128/88128   rows  1728/1728     5.0 s
  t29 L0/down      jobs   35840  skipped  16000  receipts   35840/35840   rows   320/320      2.0 s
  t29 L1/qkv       jobs   22848  skipped   4032  receipts   22848/22848   rows   448/448      1.3 s
  t29 L1/wo        jobs   16320  skipped   2880  receipts   16320/16320   rows   320/320      0.9 s
  t29 L1/gate+up   jobs   88128  skipped  15552  receipts   88128/88128   rows  1728/1728     5.1 s
  t29 L1/down      jobs   31360  skipped  20480  receipts   31360/31360   rows   320/320      1.8 s
  t29 L2/qkv       jobs   22848  skipped   4032  receipts   22848/22848   rows   448/448      1.3 s
  t29 L2/wo        jobs   16640  skipped   2560  receipts   16640/16640   rows   320/320      1.1 s
  t29 L2/gate+up   jobs   88128  skipped  15552  receipts   88128/88128   rows  1728/1728     5.1 s
  t29 L2/down      jobs   26880  skipped  24960  receipts   26880/26880   rows   320/320      1.7 s
  t29 L3/qkv       jobs   22848  skipped   4032  receipts   22848/22848   rows   448/448      1.6 s
  t29 L3/wo        jobs   16320  skipped   2880  receipts   16320/16320   rows   320/320      1.2 s
  t29 L3/gate+up   jobs   88128  skipped  15552  receipts   88128/88128   rows  1728/1728     6.0 s
  t29 L3/down      jobs   32640  skipped  19200  receipts   32640/32640   rows   320/320      2.3 s
  t29 L4/qkv       jobs   22848  skipped   4032  receipts   22848/22848   rows   448/448      1.5 s
  t29 L4/wo        jobs   16640  skipped   2560  receipts   16640/16640   rows   320/320      1.2 s
  t29 L4/gate+up   jobs   88128  skipped  15552  receipts   88128/88128   rows  1728/1728     6.2 s
  t29 L4/down      jobs   36800  skipped  15040  receipts   36800/36800   rows   320/320      2.2 s
  t29 L5/qkv       jobs   22848  skipped   4032  receipts   22848/22848   rows   448/448      1.3 s
  t29 L5/wo        jobs   16000  skipped   3200  receipts   16000/16000   rows   320/320      0.9 s
  t29 L5/gate+up   jobs   88128  skipped  15552  receipts   88128/88128   rows  1728/1728     5.2 s
  t29 L5/down      jobs   36480  skipped  15360  receipts   36480/36480   rows   320/320      2.3 s
token 29: id 779  (59.6 s)
  t30 L0/qkv       jobs   22848  skipped   4032  receipts   22848/22848   rows   448/448      1.5 s
  t30 L0/wo        jobs   16640  skipped   2560  receipts   16640/16640   rows   320/320      1.0 s
  t30 L0/gate+up   jobs   88128  skipped  15552  receipts   88128/88128   rows  1728/1728     5.5 s
  t30 L0/down      jobs   32640  skipped  19200  receipts   32640/32640   rows   320/320      2.0 s
  t30 L1/qkv       jobs   19712  skipped   7168  receipts   19712/19712   rows   448/448      1.3 s
  t30 L1/wo        jobs   16640  skipped   2560  receipts   16640/16640   rows   320/320      1.1 s
  t30 L1/gate+up   jobs   89856  skipped  13824  receipts   89856/89856   rows  1728/1728     5.8 s
  t30 L1/down      jobs   26880  skipped  24960  receipts   26880/26880   rows   320/320      1.7 s
  t30 L2/qkv       jobs   22400  skipped   4480  receipts   22400/22400   rows   448/448      1.5 s
  t30 L2/wo        jobs   16960  skipped   2240  receipts   16960/16960   rows   320/320      1.1 s
  t30 L2/gate+up   jobs   88128  skipped  15552  receipts   88128/88128   rows  1728/1728     5.2 s
  t30 L2/down      jobs   31040  skipped  20800  receipts   31040/31040   rows   320/320      1.8 s
  t30 L3/qkv       jobs   18816  skipped   8064  receipts   18816/18816   rows   448/448      1.1 s
  t30 L3/wo        jobs   16320  skipped   2880  receipts   16320/16320   rows   320/320      0.9 s
  t30 L3/gate+up   jobs   88128  skipped  15552  receipts   88128/88128   rows  1728/1728     5.0 s
  t30 L3/down      jobs   38080  skipped  13760  receipts   38080/38080   rows   320/320      2.2 s
  t30 L4/qkv       jobs   22848  skipped   4032  receipts   22848/22848   rows   448/448      1.3 s
  t30 L4/wo        jobs   16960  skipped   2240  receipts   16960/16960   rows   320/320      1.0 s
  t30 L4/gate+up   jobs   89856  skipped  13824  receipts   89856/89856   rows  1728/1728     5.2 s
  t30 L4/down      jobs   39360  skipped  12480  receipts   39360/39360   rows   320/320      2.3 s
  t30 L5/qkv       jobs   22848  skipped   4032  receipts   22848/22848   rows   448/448      1.3 s
  t30 L5/wo        jobs   16320  skipped   2880  receipts   16320/16320   rows   320/320      0.9 s
  t30 L5/gate+up   jobs   88128  skipped  15552  receipts   88128/88128   rows  1728/1728     5.1 s
  t30 L5/down      jobs   36800  skipped  15040  receipts   36800/36800   rows   320/320      2.2 s
token 30: id 317  (58.0 s)
  t31 L0/qkv       jobs   22848  skipped   4032  receipts   22848/22848   rows   448/448      1.3 s
  t31 L0/wo        jobs   16000  skipped   3200  receipts   16000/16000   rows   320/320      0.9 s
  t31 L0/gate+up   jobs   88128  skipped  15552  receipts   88128/88128   rows  1728/1728     5.2 s
  t31 L0/down      jobs   24000  skipped  27840  receipts   24000/24000   rows   320/320      1.4 s
  t31 L1/qkv       jobs   20160  skipped   6720  receipts   20160/20160   rows   448/448      1.2 s
  t31 L1/wo        jobs   16960  skipped   2240  receipts   16960/16960   rows   320/320      1.0 s
  t31 L1/gate+up   jobs   88128  skipped  15552  receipts   88128/88128   rows  1728/1728     5.0 s
  t31 L1/down      jobs   25280  skipped  26560  receipts   25280/25280   rows   320/320      1.5 s
  t31 L2/qkv       jobs   22400  skipped   4480  receipts   22400/22400   rows   448/448      1.3 s
  t31 L2/wo        jobs   16320  skipped   2880  receipts   16320/16320   rows   320/320      1.0 s
  t31 L2/gate+up   jobs   88128  skipped  15552  receipts   88128/88128   rows  1728/1728     5.2 s
  t31 L2/down      jobs   29440  skipped  22400  receipts   29440/29440   rows   320/320      1.7 s
  t31 L3/qkv       jobs   19712  skipped   7168  receipts   19712/19712   rows   448/448      1.2 s
  t31 L3/wo        jobs   16320  skipped   2880  receipts   16320/16320   rows   320/320      1.0 s
  t31 L3/gate+up   jobs   88128  skipped  15552  receipts   88128/88128   rows  1728/1728     5.8 s
  t31 L3/down      jobs   38400  skipped  13440  receipts   38400/38400   rows   320/320      2.5 s
  t31 L4/qkv       jobs   22400  skipped   4480  receipts   22400/22400   rows   448/448      1.8 s
  t31 L4/wo        jobs   16640  skipped   2560  receipts   16640/16640   rows   320/320      1.6 s
  t31 L4/gate+up   jobs   88128  skipped  15552  receipts   88128/88128   rows  1728/1728     7.2 s
  t31 L4/down      jobs   40960  skipped  10880  receipts   40960/40960   rows   320/320      3.1 s
  t31 L5/qkv       jobs   22848  skipped   4032  receipts   22848/22848   rows   448/448      1.8 s
  t31 L5/wo        jobs   16320  skipped   2880  receipts   16320/16320   rows   320/320      1.1 s
  t31 L5/gate+up   jobs   84672  skipped  19008  receipts   84672/84672   rows  1728/1728     4.8 s
  t31 L5/down      jobs   31040  skipped  20800  receipts   31040/31040   rows   320/320      1.7 s
token 31: id 85  (60.4 s)
------------------------------------------------------------------
calls                   : 768 of 768 (4 per layer per token)
jobs                    : 30762752 of 30762752 (+ 7944448 chunks skipped: activation digit plane all zero)
requests written        : 30762858 (106 of them retransmits under nonces from 0x20000000)
reference-cell receipts : 30762752/30762752 under node 0x5452494e
rows bit-exact          : 540672/540672  (int8 activations from the model's own forward pass)
transport               : retransmitted jobs 106 (ceiling 256), resyncs 7 (ceiling 32), lost 106, unverified 2, foreign frames 2, late answers 0, bytes skipped while scanning 50
link                    : reopens 2 (ceiling 4), flushes seen 7, waits [2, 4] s
  event  call 1: nonce 0x000103e8 (job 1000) answered with a tag that does not verify; job queued again
  event  call 1: resync (unframed read d4 2e ce a5 02 01 ea 03): 440 bytes collected, 24 in flight
  event  call 1: nonce 0x000103e9 (job 1001) had no answer before nonce 0x000103ea; job queued again
  event  call 51: resync (short read, 0 bytes): 0 bytes collected, 24 in flight
  event  call 51: nonce 0x001f847d (job 9021) had no verifiable answer by the end of a resync; job queued again
  event  call 51: nonce 0x001f847e (job 9022) had no verifiable answer by the end of a resync; job queued again
  event  call 51: nonce 0x001f847f (job 9023) had no verifiable answer by the end of a resync; job queued again
  event  call 51: nonce 0x001f8480 (job 9024) had no verifiable answer by the end of a resync; job queued again
  event  call 51: nonce 0x001f8481 (job 9025) had no verifiable answer by the end of a resync; job queued again
  event  call 51: nonce 0x001f8482 (job 9026) had no verifiable answer by the end of a resync; job queued again
  event  call 51: nonce 0x001f8483 (job 9027) had no verifiable answer by the end of a resync; job queued again
  event  call 51: nonce 0x001f8484 (job 9028) had no verifiable answer by the end of a resync; job queued again
  event  call 51: nonce 0x001f8485 (job 9029) had no verifiable answer by the end of a resync; job queued again
  event  call 51: nonce 0x001f8486 (job 9030) had no verifiable answer by the end of a resync; job queued again
  event  call 51: nonce 0x001f8487 (job 9031) had no verifiable answer by the end of a resync; job queued again
  event  call 51: nonce 0x001f8488 (job 9032) had no verifiable answer by the end of a resync; job queued again
  event  call 51: nonce 0x001f8489 (job 9033) had no verifiable answer by the end of a resync; job queued again
  event  call 51: nonce 0x001f848a (job 9034) had no verifiable answer by the end of a resync; job queued again
  event  call 51: nonce 0x001f848b (job 9035) had no verifiable answer by the end of a resync; job queued again
  event  call 51: nonce 0x001f848c (job 9036) had no verifiable answer by the end of a resync; job queued again
  event  call 51: nonce 0x001f848d (job 9037) had no verifiable answer by the end of a resync; job queued again
  event  call 51: nonce 0x001f848e (job 9038) had no verifiable answer by the end of a resync; job queued again
  event  call 51: nonce 0x001f848f (job 9039) had no verifiable answer by the end of a resync; job queued again
  event  call 51: nonce 0x001f8490 (job 9040) had no verifiable answer by the end of a resync; job queued again
  event  call 51: nonce 0x001f8491 (job 9041) had no verifiable answer by the end of a resync; job queued again
  event  call 51: nonce 0x001f8492 (job 9042) had no verifiable answer by the end of a resync; job queued again
  event  call 51: nonce 0x001f8493 (job 9043) had no verifiable answer by the end of a resync; job queued again
  event  call 51: nonce 0x001f8494 (job 9044) had no verifiable answer by the end of a resync; job queued again
  event  call 51: resync (short read, 0 bytes): 19 bytes collected, 24 in flight
  event  call 51: nonce 0x20000002 (job 9044) had no verifiable answer by the end of a resync; job queued again
  event  call 51: nonce 0x20000003 (job 9043) had no verifiable answer by the end of a resync; job queued again
  event  call 51: nonce 0x20000004 (job 9042) had no verifiable answer by the end of a resync; job queued again
  event  call 51: nonce 0x20000005 (job 9041) had no verifiable answer by the end of a resync; job queued again
  event  call 51: nonce 0x20000006 (job 9040) had no verifiable answer by the end of a resync; job queued again
  event  call 51: nonce 0x20000007 (job 9039) had no verifiable answer by the end of a resync; job queued again
  event  call 51: nonce 0x20000008 (job 9038) had no verifiable answer by the end of a resync; job queued again
  event  call 51: nonce 0x20000009 (job 9037) had no verifiable answer by the end of a resync; job queued again
  event  call 51: nonce 0x2000000a (job 9036) had no verifiable answer by the end of a resync; job queued again
  event  call 51: nonce 0x2000000b (job 9035) had no verifiable answer by the end of a resync; job queued again
  event  call 51: nonce 0x2000000c (job 9034) had no verifiable answer by the end of a resync; job queued again
  event  call 51: nonce 0x2000000d (job 9033) had no verifiable answer by the end of a resync; job queued again
  event  call 51: nonce 0x2000000e (job 9032) had no verifiable answer by the end of a resync; job queued again
  event  call 51: nonce 0x2000000f (job 9031) had no verifiable answer by the end of a resync; job queued again
  event  call 51: nonce 0x20000010 (job 9030) had no verifiable answer by the end of a resync; job queued again
  event  call 51: nonce 0x20000011 (job 9029) had no verifiable answer by the end of a resync; job queued again
  event  call 51: nonce 0x20000012 (job 9028) had no verifiable answer by the end of a resync; job queued again
  event  call 51: nonce 0x20000013 (job 9027) had no verifiable answer by the end of a resync; job queued again
  event  call 51: nonce 0x20000014 (job 9026) had no verifiable answer by the end of a resync; job queued again
  event  call 51: nonce 0x20000015 (job 9025) had no verifiable answer by the end of a resync; job queued again
  event  call 51: nonce 0x20000016 (job 9024) had no verifiable answer by the end of a resync; job queued again
  event  call 51: nonce 0x20000017 (job 9023) had no verifiable answer by the end of a resync; job queued again
  event  call 51: nonce 0x20000018 (job 9022) had no verifiable answer by the end of a resync; job queued again
  event  call 51: nonce 0x20000019 (job 9021) had no verifiable answer by the end of a resync; job queued again
  event  call 75: nonce 0x002ec6bd (job 77309) had no answer before nonce 0x002ec6be; job queued again
  event  call 127: resync (frame with a nonce this call never wrote, 0x90004b3b): 437 bytes collected, 24 in flight
  event  call 127: nonce 0x004d4b3b (job 25275) had no answer before nonce 0x004d4b3d; job queued again
  event  call 127: nonce 0x004d4b3c (job 25276) had no answer before nonce 0x004d4b3d; job queued again
  event  call 145: resync (short read, 8 bytes): 8 bytes collected, 24 in flight
  event  call 145: nonce 0x0058cc8f (job 16847) had no verifiable answer by the end of a resync; job queued again
  event  call 145: nonce 0x0058cc90 (job 16848) had no verifiable answer by the end of a resync; job queued again
  event  call 145: nonce 0x0058cc91 (job 16849) had no verifiable answer by the end of a resync; job queued again
  event  call 145: nonce 0x0058cc92 (job 16850) had no verifiable answer by the end of a resync; job queued again
  event  call 145: nonce 0x0058cc93 (job 16851) had no verifiable answer by the end of a resync; job queued again
  event  call 145: nonce 0x0058cc94 (job 16852) had no verifiable answer by the end of a resync; job queued again
  event  call 145: nonce 0x0058cc95 (job 16853) had no verifiable answer by the end of a resync; job queued again
  event  call 145: nonce 0x0058cc96 (job 16854) had no verifiable answer by the end of a resync; job queued again
  event  call 145: nonce 0x0058cc97 (job 16855) had no verifiable answer by the end of a resync; job queued again
  event  call 145: nonce 0x0058cc98 (job 16856) had no verifiable answer by the end of a resync; job queued again
  event  call 145: nonce 0x0058cc99 (job 16857) had no verifiable answer by the end of a resync; job queued again
  event  call 145: nonce 0x0058cc9a (job 16858) had no verifiable answer by the end of a resync; job queued again
  event  call 145: nonce 0x0058cc9b (job 16859) had no verifiable answer by the end of a resync; job queued again
  event  call 145: nonce 0x0058cc9c (job 16860) had no verifiable answer by the end of a resync; job queued again
  event  call 145: nonce 0x0058cc9d (job 16861) had no verifiable answer by the end of a resync; job queued again
  event  call 145: nonce 0x0058cc9e (job 16862) had no verifiable answer by the end of a resync; job queued again
  event  call 145: nonce 0x0058cc9f (job 16863) had no verifiable answer by the end of a resync; job queued again
  event  call 145: nonce 0x0058cca0 (job 16864) had no verifiable answer by the end of a resync; job queued again
  event  call 145: nonce 0x0058cca1 (job 16865) had no verifiable answer by the end of a resync; job queued again
  event  call 145: nonce 0x0058cca2 (job 16866) had no verifiable answer by the end of a resync; job queued again
  event  call 145: nonce 0x0058cca3 (job 16867) had no verifiable answer by the end of a resync; job queued again
  event  call 145: nonce 0x0058cca4 (job 16868) had no verifiable answer by the end of a resync; job queued again
  event  call 145: nonce 0x0058cca5 (job 16869) had no verifiable answer by the end of a resync; job queued again
  event  call 145: nonce 0x0058cca6 (job 16870) had no verifiable answer by the end of a resync; job queued again
  event  call 145: resync (short read, 0 bytes): 0 bytes collected, 24 in flight
  event  call 145: nonce 0x20000035 (job 16870) had no verifiable answer by the end of a resync; job queued again
  event  call 145: nonce 0x20000036 (job 16869) had no verifiable answer by the end of a resync; job queued again
  event  call 145: nonce 0x20000037 (job 16868) had no verifiable answer by the end of a resync; job queued again
  event  call 145: nonce 0x20000038 (job 16867) had no verifiable answer by the end of a resync; job queued again
  event  call 145: nonce 0x20000039 (job 16866) had no verifiable answer by the end of a resync; job queued again
  event  call 145: nonce 0x2000003a (job 16865) had no verifiable answer by the end of a resync; job queued again
  event  call 145: nonce 0x2000003b (job 16864) had no verifiable answer by the end of a resync; job queued again
  event  call 145: nonce 0x2000003c (job 16863) had no verifiable answer by the end of a resync; job queued again
  event  call 145: nonce 0x2000003d (job 16862) had no verifiable answer by the end of a resync; job queued again
  event  call 145: nonce 0x2000003e (job 16861) had no verifiable answer by the end of a resync; job queued again
  event  call 145: nonce 0x2000003f (job 16860) had no verifiable answer by the end of a resync; job queued again
  event  call 145: nonce 0x20000040 (job 16859) had no verifiable answer by the end of a resync; job queued again
  event  call 145: nonce 0x20000041 (job 16858) had no verifiable answer by the end of a resync; job queued again
  event  call 145: nonce 0x20000042 (job 16857) had no verifiable answer by the end of a resync; job queued again
  event  call 145: nonce 0x20000043 (job 16856) had no verifiable answer by the end of a resync; job queued again
  event  call 145: nonce 0x20000044 (job 16855) had no verifiable answer by the end of a resync; job queued again
  event  call 145: nonce 0x20000045 (job 16854) had no verifiable answer by the end of a resync; job queued again
  event  call 145: nonce 0x20000046 (job 16853) had no verifiable answer by the end of a resync; job queued again
  event  call 145: nonce 0x20000047 (job 16852) had no verifiable answer by the end of a resync; job queued again
  event  call 145: nonce 0x20000048 (job 16851) had no verifiable answer by the end of a resync; job queued again
  event  call 145: nonce 0x20000049 (job 16850) had no verifiable answer by the end of a resync; job queued again
  event  call 145: nonce 0x2000004a (job 16849) had no verifiable answer by the end of a resync; job queued again
  event  call 145: nonce 0x2000004b (job 16848) had no verifiable answer by the end of a resync; job queued again
  event  call 145: nonce 0x2000004c (job 16847) had no verifiable answer by the end of a resync; job queued again
  event  call 151: nonce 0x005c8d46 (job 63942) answered with a tag that does not verify; job queued again
  event  call 151: nonce 0x005c8d47 (job 63943) had no answer before nonce 0x005c8d48; job queued again
  event  call 183: resync (frame with a nonce this call never wrote, 0x6f663f01): 400 bytes collected, 24 in flight
  event  call 183: nonce 0x006f663c (job 2108) had no answer before nonce 0x006f663f; job queued again
  event  call 183: nonce 0x006f663d (job 2109) had no answer before nonce 0x006f663f; job queued again
  event  call 183: nonce 0x006f663e (job 2110) had no answer before nonce 0x006f663f; job queued again
  link   reopen 1: flush 3 after 0 bytes since the last flush; port closed, 2 s, opened again (0.00 s)
  link   reopen 2: flush 6 after 0 bytes since the last flush; port closed, 4 s, opened again (0.00 s)
events kept             : 113 (cap 512); lost 106 + resyncs 7 = 113
elapsed                 : 1798.0 s of 13500 (17138 answers/s in run())
longest host pause      : 205.6 ms
------------------------------------------------------------------
ids refcell: 1 3 204 276 405 659 85 1516 278 320 306 317 445 779 317 85 1516 740 306 317 705 779 317 85 1516 740 306 317 705 779 317 85
CPU_INT_IDS: 1 3 204 276 405 659 85 1516 278 320 306 317 445 779 317 85 1516 740 306 317 705 779 317 85 1516 740 306 317 705 779 317 85
RESULT: REHEARSAL OK - 32 tokens through the reference cell with 5 scheduled losses recovered and 2 stalls cleared by one reopen each; the board was not used.
# exit=0
# load 6.7 6.8 6.7 on 8 cpus
# end 2026-09-28T11:43:42Z
