\BOOKMARK [1][-]{section.1}{\376\377\000W\000h\000a\000t\000\040\000t\000h\000i\000s\000\040\000p\000a\000p\000e\000r\000\040\000a\000r\000g\000u\000e\000s}{}% 1
\BOOKMARK [1][-]{section.2}{\376\377\000T\000h\000e\000\040\000f\000o\000r\000m\000a\000t}{}% 2
\BOOKMARK [1][-]{section.3}{\376\377\000W\000h\000y\000\040\000a\000\040\000l\000a\000d\000d\000e\000r\000,\000\040\000a\000n\000d\000\040\000w\000h\000y\000\040\000t\000h\000i\000s\000\040\000o\000n\000e}{}% 3
\BOOKMARK [1][-]{section.4}{\376\377\000T\000h\000e\000\040\000l\000a\000w\000\040\000i\000s\000\040\000g\000e\000n\000e\000r\000a\000l\000,\000\040\000a\000n\000d\000\040\000i\000t\000\040\000m\000e\000a\000s\000u\000r\000e\000s\000\040\000t\000a\000p\000e\000r\000i\000n\000g}{}% 4
\BOOKMARK [2][-]{subsection.4.1}{\376\377\000T\000h\000e\000\040\000d\000i\000a\000g\000n\000o\000s\000t\000i\000c\000\040\000a\000c\000r\000o\000s\000s\000\040\000a\000\040\000c\000a\000t\000a\000l\000o\000g\000u\000e}{section.4}% 5
\BOOKMARK [2][-]{subsection.4.2}{\376\377\000T\000a\000p\000e\000r\000i\000n\000g\000\040\000h\000a\000s\000\040\000a\000\040\000f\000u\000n\000c\000t\000i\000o\000n\000a\000l\000\040\000f\000o\000r\000m\000,\000\040\000a\000n\000d\000\040\000i\000t\000\040\000f\000o\000l\000l\000o\000w\000s\000\040\000f\000r\000o\000m\000\040\000t\000h\000e\000\040\000e\000n\000c\000o\000d\000i\000n\000g}{section.4}% 6
\BOOKMARK [2][-]{subsection.4.3}{\376\377\000F\000o\000u\000r\000\040\000s\000t\000a\000i\000r\000c\000a\000s\000e\000\040\000f\000o\000r\000m\000s\000,\000\040\000a\000n\000d\000\040\000o\000n\000l\000y\000\040\000f\000o\000u\000r}{section.4}% 7
\BOOKMARK [1][-]{section.5}{\376\377\000A\000c\000c\000u\000r\000a\000c\000y}{}% 8
\BOOKMARK [1][-]{section.6}{\376\377\000T\000h\000e\000\040\0001\0006\000-\000b\000i\000t\000\040\000f\000i\000e\000l\000d}{}% 9
\BOOKMARK [1][-]{section.7}{\376\377\000H\000a\000r\000d\000w\000a\000r\000e}{}% 10
\BOOKMARK [1][-]{section.8}{\376\377\000T\000w\000o\000\040\000w\000i\000d\000t\000h\000\040\000d\000e\000f\000e\000c\000t\000s\000,\000\040\000a\000n\000d\000\040\000w\000h\000y\000\040\000t\000h\000e\000y\000\040\000g\000e\000n\000e\000r\000a\000l\000i\000s\000e}{}% 11
\BOOKMARK [2][-]{subsection.8.1}{\376\377\000I\000n\000t\000e\000r\000f\000a\000c\000e\000\040\000w\000i\000d\000t\000h\000\040\000d\000o\000m\000i\000n\000a\000t\000e\000d\000\040\000t\000h\000e\000\040\000a\000r\000i\000t\000h\000m\000e\000t\000i\000c}{section.8}% 12
\BOOKMARK [2][-]{subsection.8.2}{\376\377\000T\000h\000e\000\040\000s\000a\000m\000e\000\040\000w\000i\000d\000t\000h\000\040\000d\000e\000c\000i\000d\000e\000d\000\040\000c\000o\000r\000r\000e\000c\000t\000n\000e\000s\000s}{section.8}% 13
\BOOKMARK [1][-]{section.9}{\376\377\000E\000q\000u\000i\000v\000a\000l\000e\000n\000c\000e}{}% 14
\BOOKMARK [1][-]{section.10}{\376\377\000W\000h\000a\000t\000\040\000t\000h\000e\000\040\000l\000a\000w\000\040\000s\000a\000y\000s\000\040\000a\000b\000o\000u\000t\000\040\000i\000m\000p\000r\000o\000v\000i\000n\000g\000\040\000t\000h\000e\000\040\000l\000a\000d\000d\000e\000r}{}% 15
\BOOKMARK [1][-]{section.11}{\376\377\000W\000h\000y\000\040\000t\000e\000r\000n\000a\000r\000y\000,\000\040\000a\000n\000d\000\040\000e\000x\000a\000c\000t\000l\000y\000\040\000h\000o\000w\000\040\000m\000u\000c\000h}{}% 16
\BOOKMARK [1][-]{section.12}{\376\377\000T\000h\000e\000\040\000r\000e\000g\000i\000m\000e\000\040\000f\000i\000e\000l\000d\000\040\000i\000s\000\040\000a\000\040\000u\000n\000i\000v\000e\000r\000s\000a\000l\000\040\000c\000o\000d\000e}{}% 17
\BOOKMARK [2][-]{subsection.12.1}{\376\377\000W\000h\000a\000t\000\040\000a\000\040\000r\000e\000g\000i\000m\000e\000\040\000c\000o\000s\000t\000s\000\040\000i\000n\000\040\000s\000i\000l\000i\000c\000o\000n}{section.12}% 18
\BOOKMARK [1][-]{section.13}{\376\377\000C\000o\000n\000v\000e\000r\000t\000i\000n\000g\000\040\000s\000i\000l\000i\000c\000o\000n\000\040\000i\000n\000t\000o\000\040\000p\000r\000e\000c\000i\000s\000i\000o\000n}{}% 19
\BOOKMARK [2][-]{subsection.13.1}{\376\377\000H\000o\000w\000\040\000a\000r\000e\000a\000\040\000g\000r\000o\000w\000s\000\040\000a\000l\000o\000n\000g\000\040\000t\000h\000e\000\040\000l\000a\000d\000d\000e\000r}{section.13}% 20
\BOOKMARK [1][-]{section.14}{\376\377\000T\000h\000e\000\040\000v\000a\000l\000u\000e\000\040\000l\000a\000w\000\040\000c\000o\000s\000t\000s\000\040\000m\000o\000r\000e\000\040\000t\000h\000a\000n\000\040\000t\000h\000e\000\040\000f\000i\000e\000l\000d\000\040\000l\000a\000y\000o\000u\000t}{}% 21
\BOOKMARK [1][-]{section.15}{\376\377\000I\000s\000\040\000t\000h\000e\000r\000e\000\040\000a\000n\000\040\000o\000p\000t\000i\000m\000a\000l\000\040\000f\000o\000r\000m\000a\000t\000,\000\040\000a\000n\000d\000\040\000i\000n\000\040\000w\000h\000a\000t\000\040\000s\000e\000n\000s\000e}{}% 22
\BOOKMARK [1][-]{section.16}{\376\377\000W\000h\000e\000r\000e\000\040\000t\000h\000e\000\040\000f\000o\000r\000m\000a\000t\000\040\000i\000s\000\040\000t\000h\000e\000\040\000d\000a\000t\000a\000p\000a\000t\000h}{}% 23
\BOOKMARK [1][-]{section.17}{\376\377\000T\000h\000e\000\040\000l\000a\000d\000d\000e\000r\000\040\000i\000s\000\040\000a\000\040\000f\000a\000m\000i\000l\000y\000,\000\040\000a\000n\000d\000\040\000t\000h\000e\000\040\000f\000a\000m\000i\000l\000y\000\040\000i\000s\000\040\000t\000h\000e\000\040\000f\000r\000o\000n\000t\000i\000e\000r}{}% 24
\BOOKMARK [2][-]{subsection.17.1}{\376\377\000T\000h\000e\000\040\000w\000i\000d\000t\000h\000\040\000r\000u\000l\000e\000\040\000i\000s\000\040\000a\000n\000\040\000o\000p\000t\000i\000m\000i\000s\000a\000t\000i\000o\000n\000\040\000w\000i\000t\000h\000\040\000o\000n\000e\000\040\000s\000o\000l\000u\000t\000i\000o\000n}{section.17}% 25
\BOOKMARK [2][-]{subsection.17.2}{\376\377\000T\000h\000e\000\040\000t\000r\000i\000t\000\040\000i\000s\000\040\000t\000h\000e\000\040\000s\000l\000a\000c\000k}{section.17}% 26
\BOOKMARK [2][-]{subsection.17.3}{\376\377\000W\000h\000e\000r\000e\000\040\000t\000h\000e\000\040\000b\000l\000o\000c\000k\000\040\000l\000i\000t\000e\000r\000a\000t\000u\000r\000e\000\040\000i\000s\000\040\000n\000o\000t\000\040\000l\000o\000o\000k\000i\000n\000g}{section.17}% 27
\BOOKMARK [1][-]{section.18}{\376\377\000L\000i\000m\000i\000t\000a\000t\000i\000o\000n\000s}{}% 28
